#
# There is insufficient memory for the Java Runtime Environment to continue.
# Native memory allocation (malloc) failed to allocate 32744 bytes. Error detail: Chunk::new
# Possible reasons:
#   The system is out of physical RAM or swap space
#   This process is running with CompressedOops enabled, and the Java Heap may be blocking the growth of the native heap
# Possible solutions:
#   Reduce memory load on the system
#   Increase physical memory or swap space
#   Check if swap backing store is full
#   Decrease Java heap size (-Xmx/-Xms)
#   Decrease number of Java threads
#   Decrease Java thread stack sizes (-Xss)
#   Set larger code cache with -XX:ReservedCodeCacheSize=
#   JVM is running with Unscaled Compressed Oops mode in which the Java heap is
#     placed in the first 4GB address space. The Java Heap base address is the
#     maximum limit for the native heap growth. Please use -XX:HeapBaseMinAddress
#     to set the Java Heap base and to place the Java Heap above 4GB virtual address.
# This output file may be truncated or incomplete.
#
#  Out of Memory Error (arena.cpp:168), pid=38932, tid=35712
#
# JRE version: OpenJDK Runtime Environment Temurin-21.0.10+7 (21.0.10+7) (build 21.0.10+7-LTS)
# Java VM: OpenJDK 64-Bit Server VM Temurin-21.0.10+7 (21.0.10+7-LTS, mixed mode, sharing, tiered, compressed oops, compressed class ptrs, parallel gc, windows-amd64)
# No core dump will be written. Minidumps are not enabled by default on client versions of Windows
#

---------------  S U M M A R Y ------------

Command Line: --add-modules=ALL-SYSTEM --add-opens=java.base/java.util=ALL-UNNAMED --add-opens=java.base/java.lang=ALL-UNNAMED --add-opens=java.base/sun.nio.fs=ALL-UNNAMED -Declipse.application=org.eclipse.jdt.ls.core.id1 -Dosgi.bundles.defaultStartLevel=4 -Declipse.product=org.eclipse.jdt.ls.core.product -Djava.import.generatesMetadataFilesAtProjectRoot=false -DDetectVMInstallationsJob.disabled=true -Dfile.encoding=utf8 -XX:+UseParallelGC -XX:GCTimeRatio=4 -XX:AdaptiveSizePolicyWeight=90 -Dsun.zip.disableMemoryMapping=true -Xmx2G -Xms100m -Xlog:disable -javaagent:c:\Users\LENOVO\.vscode\extensions\redhat.java-1.54.0-win32-x64\lombok\lombok-1.18.39-4050.jar c:\Users\LENOVO\.vscode\extensions\redhat.java-1.54.0-win32-x64\server\plugins\org.eclipse.equinox.launcher_1.7.100.v20251111-0406.jar -configuration c:\Users\LENOVO\AppData\Roaming\Code\User\globalStorage\redhat.java\1.54.0\config_ss_win -data c:\Users\LENOVO\AppData\Roaming\Code\User\workspaceStorage\f2823ae95278813818fe3b79dc4daa3b\redhat.java\ss_ws --pipe=\\.\pipe\lsp-fd73ba9425f32021b7aef7cae5f38cb8-sock

Host: Intel(R) Core(TM) i7-7500U CPU @ 2.70GHz, 4 cores, 7G,  Windows 10 , 64 bit Build 19041 (10.0.19041.5915)
Time: Mon Jun 22 15:37:06 2026 elapsed time: 26.634511 seconds (0d 0h 0m 26s)

---------------  T H R E A D  ---------------

Current thread (0x000001a8d9e65700):  JavaThread "C2 CompilerThread0" daemon [_thread_in_native, id=35712, stack(0x000000a495300000,0x000000a495400000) (1024K)]


Current CompileTask:
C2:26634 1962   !   4       java.io.BufferedInputStream::read (69 bytes)

Stack: [0x000000a495300000,0x000000a495400000]
Native frames: (J=compiled Java code, j=interpreted, Vv=VM code, C=native code)
V  [jvm.dll+0x6d7a39]
V  [jvm.dll+0x8b4b26]
V  [jvm.dll+0x8b70de]
V  [jvm.dll+0x8b77c3]
V  [jvm.dll+0x284346]
V  [jvm.dll+0xc66ed]
V  [jvm.dll+0xc6c31]
V  [jvm.dll+0x703443]
V  [jvm.dll+0x1e403a]
V  [jvm.dll+0x24c6b3]
V  [jvm.dll+0x24bb40]
V  [jvm.dll+0x1cb34e]
V  [jvm.dll+0x25b85d]
V  [jvm.dll+0x259dea]
V  [jvm.dll+0x3f857e]
V  [jvm.dll+0x85f59d]
V  [jvm.dll+0x6d626d]
C  [ucrtbase.dll+0x21bb2]
C  [KERNEL32.DLL+0x17374]
C  [ntdll.dll+0x4cc91]


---------------  P R O C E S S  ---------------

Threads class SMR info:
_java_thread_list=0x000001a8df6bd310, length=15, elements={
0x000001a8c3474160, 0x000001a8d9e5b660, 0x000001a8d9e5ccb0, 0x000001a8d9e60590,
0x000001a8d9e611f0, 0x000001a8d9e61e50, 0x000001a8d9e648c0, 0x000001a8d9e65700,
0x000001a8d9eada60, 0x000001a8dac1a480, 0x000001a8dae33bd0, 0x000001a8df49b7d0,
0x000001a8dad4a6d0, 0x000001a8d9ea2480, 0x000001a8dae8fc30
}

Java Threads: ( => current thread )
  0x000001a8c3474160 JavaThread "main"                              [_thread_blocked, id=38172, stack(0x000000a494900000,0x000000a494a00000) (1024K)]
  0x000001a8d9e5b660 JavaThread "Reference Handler"          daemon [_thread_blocked, id=30032, stack(0x000000a494d00000,0x000000a494e00000) (1024K)]
  0x000001a8d9e5ccb0 JavaThread "Finalizer"                  daemon [_thread_blocked, id=33320, stack(0x000000a494e00000,0x000000a494f00000) (1024K)]
  0x000001a8d9e60590 JavaThread "Signal Dispatcher"          daemon [_thread_blocked, id=41152, stack(0x000000a494f00000,0x000000a495000000) (1024K)]
  0x000001a8d9e611f0 JavaThread "Attach Listener"            daemon [_thread_blocked, id=35140, stack(0x000000a495000000,0x000000a495100000) (1024K)]
  0x000001a8d9e61e50 JavaThread "Service Thread"             daemon [_thread_blocked, id=33152, stack(0x000000a495100000,0x000000a495200000) (1024K)]
  0x000001a8d9e648c0 JavaThread "Monitor Deflation Thread"   daemon [_thread_blocked, id=38716, stack(0x000000a495200000,0x000000a495300000) (1024K)]
=>0x000001a8d9e65700 JavaThread "C2 CompilerThread0"         daemon [_thread_in_native, id=35712, stack(0x000000a495300000,0x000000a495400000) (1024K)]
  0x000001a8d9eada60 JavaThread "C1 CompilerThread0"         daemon [_thread_blocked, id=38868, stack(0x000000a495400000,0x000000a495500000) (1024K)]
  0x000001a8dac1a480 JavaThread "Common-Cleaner"             daemon [_thread_blocked, id=35440, stack(0x000000a495500000,0x000000a495600000) (1024K)]
  0x000001a8dae33bd0 JavaThread "Notification Thread"        daemon [_thread_blocked, id=22228, stack(0x000000a495700000,0x000000a495800000) (1024K)]
  0x000001a8df49b7d0 JavaThread "Active Thread: Equinox Container: 85b88b5e-79ea-47bc-bff3-e58a1c118df5"        [_thread_blocked, id=32540, stack(0x000000a495b00000,0x000000a495c00000) (1024K)]
  0x000001a8dad4a6d0 JavaThread "Framework Event Dispatcher: Equinox Container: 85b88b5e-79ea-47bc-bff3-e58a1c118df5" daemon [_thread_blocked, id=21832, stack(0x000000a495600000,0x000000a495700000) (1024K)]
  0x000001a8d9ea2480 JavaThread "Start Level: Equinox Container: 85b88b5e-79ea-47bc-bff3-e58a1c118df5" daemon [_thread_in_vm, id=29644, stack(0x000000a495c00000,0x000000a495d00000) (1024K)]
  0x000001a8dae8fc30 JavaThread "SCR Component Actor"        daemon [_thread_blocked, id=1668, stack(0x000000a495d00000,0x000000a495e00000) (1024K)]
Total: 15

Other Threads:
  0x000001a8c35319d0 VMThread "VM Thread"                           [id=36664, stack(0x000000a494c00000,0x000000a494d00000) (1024K)]
  0x000001a8c34ddd20 WatcherThread "VM Periodic Task Thread"        [id=41376, stack(0x000000a494b00000,0x000000a494c00000) (1024K)]
  0x000001a8c3491f50 WorkerThread "GC Thread#0"                     [id=37256, stack(0x000000a494a00000,0x000000a494b00000) (1024K)]
  0x000001a8df1cecd0 WorkerThread "GC Thread#1"                     [id=28624, stack(0x000000a495800000,0x000000a495900000) (1024K)]
  0x000001a8df1cf080 WorkerThread "GC Thread#2"                     [id=37364, stack(0x000000a495900000,0x000000a495a00000) (1024K)]
  0x000001a8df62c920 WorkerThread "GC Thread#3"                     [id=28260, stack(0x000000a495a00000,0x000000a495b00000) (1024K)]
Total: 6

Threads with active compile tasks:
C2 CompilerThread0  26699 1962   !   4       java.io.BufferedInputStream::read (69 bytes)
Total: 1

VM state: not at safepoint (normal execution)

VM Mutex/Monitor currently owned by a thread:  ([mutex/lock_event])
[0x00007ffbe068cfe0] CompiledIC_lock - owner thread: 0x0000000000000000

Heap address: 0x0000000080000000, size: 2048 MB, Compressed Oops mode: 32-bit

CDS archive(s) mapped at: [0x000001a880000000-0x000001a880ba0000-0x000001a880ba0000), size 12189696, SharedBaseAddress: 0x000001a880000000, ArchiveRelocationMode: 1.
Compressed class space mapped at: 0x000001a881000000-0x000001a8c1000000, reserved size: 1073741824
Narrow klass base: 0x000001a880000000, Narrow klass shift: 0, Narrow klass range: 0x100000000

GC Precious Log:
 CardTable entry size: 512
 CPUs: 4 total, 4 available
 Memory: 8094M
 Large Page Support: Disabled
 NUMA Support: Disabled
 Compressed Oops: Enabled (32-bit)
 Alignments: Space 512K, Generation 512K, Heap 2M
 Heap Min Capacity: 100M
 Heap Initial Capacity: 100M
 Heap Max Capacity: 2G
 Pre-touch: Disabled
 Parallel Workers: 4

Heap:
 PSYoungGen      total 29696K, used 16969K [0x00000000d5580000, 0x00000000d7680000, 0x0000000100000000)
  eden space 25600K, 50% used [0x00000000d5580000,0x00000000d6213ef8,0x00000000d6e80000)
  from space 4096K, 99% used [0x00000000d7280000,0x00000000d767e588,0x00000000d7680000)
  to   space 4096K, 0% used [0x00000000d6e80000,0x00000000d6e80000,0x00000000d7280000)
 ParOldGen       total 68608K, used 1169K [0x0000000080000000, 0x0000000084300000, 0x00000000d5580000)
  object space 68608K, 1% used [0x0000000080000000,0x00000000801246a8,0x0000000084300000)
 Metaspace       used 10825K, committed 11264K, reserved 1114112K
  class space    used 1160K, committed 1344K, reserved 1048576K

Card table byte_map: [0x000001a8c2e20000,0x000001a8c3230000] _byte_map_base: 0x000001a8c2a20000

Marking Bits: (ParMarkBitMap*) 0x00007ffbe0693450
 Begin Bits: [0x000001a8d5930000, 0x000001a8d7930000)
 End Bits:   [0x000001a8d7930000, 0x000001a8d9930000)

Polling page: 0x000001a8c1310000

Metaspace:

Usage:
  Non-class:      9.44 MB used.
      Class:      1.13 MB used.
       Both:     10.58 MB used.

Virtual space:
  Non-class space:       64.00 MB reserved,       9.69 MB ( 15%) committed,  1 nodes.
      Class space:        1.00 GB reserved,       1.31 MB ( <1%) committed,  1 nodes.
             Both:        1.06 GB reserved,      11.00 MB (  1%) committed. 

Chunk freelists:
   Non-Class:  5.97 MB
       Class:  14.68 MB
        Both:  20.65 MB

MaxMetaspaceSize: unlimited
CompressedClassSpaceSize: 1.00 GB
Initial GC threshold: 21.00 MB
Current GC threshold: 21.00 MB
CDS: on
 - commit_granule_bytes: 65536.
 - commit_granule_words: 8192.
 - virtual_space_node_default_size: 8388608.
 - enlarge_chunks_in_place: 1.
 - use_allocation_guard: 0.


Internal statistics:

num_allocs_failed_limit: 0.
num_arena_births: 252.
num_arena_deaths: 0.
num_vsnodes_births: 2.
num_vsnodes_deaths: 0.
num_space_committed: 176.
num_space_uncommitted: 0.
num_chunks_returned_to_freelist: 0.
num_chunks_taken_from_freelist: 558.
num_chunk_merges: 0.
num_chunk_splits: 358.
num_chunks_enlarged: 245.
num_inconsistent_stats: 0.

CodeHeap 'non-profiled nmethods': size=120000Kb used=810Kb max_used=810Kb free=119189Kb
 bounds [0x000001a8ce150000, 0x000001a8ce3c0000, 0x000001a8d5680000]
CodeHeap 'profiled nmethods': size=120000Kb used=3650Kb max_used=3650Kb free=116349Kb
 bounds [0x000001a8c6680000, 0x000001a8c6a20000, 0x000001a8cdbb0000]
CodeHeap 'non-nmethods': size=5760Kb used=1222Kb max_used=1241Kb free=4537Kb
 bounds [0x000001a8cdbb0000, 0x000001a8cde20000, 0x000001a8ce150000]
CodeCache: size=245760Kb, used=5682Kb, max_used=5701Kb, free=240075Kb
 total_blobs=2463, nmethods=1973, adapters=397, full_count=0
Compilation: enabled, stopped_count=0, restarted_count=0

Compilation events (20 events):
Event: 26.490 Thread 0x000001a8d9eada60 nmethod 1953 0x000001a8c69ffc10 code [0x000001a8c69ffe80, 0x000001a8c6a00b88]
Event: 26.490 Thread 0x000001a8d9eada60 1955       3       org.eclipse.osgi.storage.bundlefile.MRUBundleFileList::incUseStamp (57 bytes)
Event: 26.490 Thread 0x000001a8d9eada60 nmethod 1955 0x000001a8c6a01110 code [0x000001a8c6a012c0, 0x000001a8c6a01548]
Event: 26.491 Thread 0x000001a8d9eada60 1956       3       org.eclipse.osgi.internal.framework.EquinoxContainer::isBootDelegationPackage (72 bytes)
Event: 26.491 Thread 0x000001a8d9eada60 nmethod 1956 0x000001a8c6a01690 code [0x000001a8c6a01880, 0x000001a8c6a01d50]
Event: 26.492 Thread 0x000001a8d9eada60 1957   !   3       org.eclipse.osgi.storage.bundlefile.MRUBundleFileList::use (55 bytes)
Event: 26.492 Thread 0x000001a8d9eada60 nmethod 1957 0x000001a8c6a01f10 code [0x000001a8c6a020e0, 0x000001a8c6a024d0]
Event: 26.493 Thread 0x000001a8d9eada60 1958       3       org.eclipse.osgi.internal.loader.BundleLoader::searchHooks (192 bytes)
Event: 26.494 Thread 0x000001a8d9eada60 nmethod 1958 0x000001a8c6a02690 code [0x000001a8c6a02960, 0x000001a8c6a03b28]
Event: 26.494 Thread 0x000001a8d9eada60 1959       3       org.eclipse.osgi.internal.hookregistry.ClassLoaderHook::recordClassDefine (1 bytes)
Event: 26.494 Thread 0x000001a8d9eada60 nmethod 1959 0x000001a8c6a03f90 code [0x000001a8c6a04120, 0x000001a8c6a04228]
Event: 26.525 Thread 0x000001a8d9eada60 1960   !   3       org.eclipse.osgi.internal.loader.ModuleClassLoader::publicFindLoaded (19 bytes)
Event: 26.526 Thread 0x000001a8d9eada60 nmethod 1960 0x000001a8c6a04310 code [0x000001a8c6a04500, 0x000001a8c6a04948]
Event: 26.540 Thread 0x000001a8d9eada60 1961       3       java.io.WinNTFileSystem::normalize (143 bytes)
Event: 26.542 Thread 0x000001a8d9eada60 nmethod 1961 0x000001a8c6a04b90 code [0x000001a8c6a04e20, 0x000001a8c6a05880]
Event: 26.608 Thread 0x000001a8d9e65700 1962   !   4       java.io.BufferedInputStream::read (69 bytes)
Event: 26.610 Thread 0x000001a8d9eada60 1965       3       java.lang.invoke.InnerClassLambdaMetafactory::getOpcodeOffset (38 bytes)
Event: 26.610 Thread 0x000001a8d9eada60 nmethod 1965 0x000001a8c6a05c90 code [0x000001a8c6a05e60, 0x000001a8c6a06118]
Event: 26.612 Thread 0x000001a8d9eada60 1966       3       sun.invoke.util.Wrapper::isDoubleWord (15 bytes)
Event: 26.612 Thread 0x000001a8d9eada60 nmethod 1966 0x000001a8c6a06210 code [0x000001a8c6a063a0, 0x000001a8c6a06508]

GC Heap History (4 events):
Event: 3.136 GC heap before
{Heap before GC invocations=1 (full 0):
 PSYoungGen      total 29696K, used 25600K [0x00000000d5580000, 0x00000000d7680000, 0x0000000100000000)
  eden space 25600K, 100% used [0x00000000d5580000,0x00000000d6e80000,0x00000000d6e80000)
  from space 4096K, 0% used [0x00000000d7280000,0x00000000d7280000,0x00000000d7680000)
  to   space 4096K, 0% used [0x00000000d6e80000,0x00000000d6e80000,0x00000000d7280000)
 ParOldGen       total 68608K, used 0K [0x0000000080000000, 0x0000000084300000, 0x00000000d5580000)
  object space 68608K, 0% used [0x0000000080000000,0x0000000080000000,0x0000000084300000)
 Metaspace       used 4374K, committed 4608K, reserved 1114112K
  class space    used 474K, committed 576K, reserved 1048576K
}
Event: 3.149 GC heap after
{Heap after GC invocations=1 (full 0):
 PSYoungGen      total 29696K, used 3303K [0x00000000d5580000, 0x00000000d7680000, 0x0000000100000000)
  eden space 25600K, 0% used [0x00000000d5580000,0x00000000d5580000,0x00000000d6e80000)
  from space 4096K, 80% used [0x00000000d6e80000,0x00000000d71b9e98,0x00000000d7280000)
  to   space 4096K, 0% used [0x00000000d7280000,0x00000000d7280000,0x00000000d7680000)
 ParOldGen       total 68608K, used 8K [0x0000000080000000, 0x0000000084300000, 0x00000000d5580000)
  object space 68608K, 0% used [0x0000000080000000,0x0000000080002000,0x0000000084300000)
 Metaspace       used 4374K, committed 4608K, reserved 1114112K
  class space    used 474K, committed 576K, reserved 1048576K
}
Event: 25.777 GC heap before
{Heap before GC invocations=2 (full 0):
 PSYoungGen      total 29696K, used 28903K [0x00000000d5580000, 0x00000000d7680000, 0x0000000100000000)
  eden space 25600K, 100% used [0x00000000d5580000,0x00000000d6e80000,0x00000000d6e80000)
  from space 4096K, 80% used [0x00000000d6e80000,0x00000000d71b9e98,0x00000000d7280000)
  to   space 4096K, 0% used [0x00000000d7280000,0x00000000d7280000,0x00000000d7680000)
 ParOldGen       total 68608K, used 8K [0x0000000080000000, 0x0000000084300000, 0x00000000d5580000)
  object space 68608K, 0% used [0x0000000080000000,0x0000000080002000,0x0000000084300000)
 Metaspace       used 8207K, committed 8512K, reserved 1114112K
  class space    used 871K, committed 1024K, reserved 1048576K
}
Event: 25.785 GC heap after
{Heap after GC invocations=2 (full 0):
 PSYoungGen      total 29696K, used 4089K [0x00000000d5580000, 0x00000000d7680000, 0x0000000100000000)
  eden space 25600K, 0% used [0x00000000d5580000,0x00000000d5580000,0x00000000d6e80000)
  from space 4096K, 99% used [0x00000000d7280000,0x00000000d767e588,0x00000000d7680000)
  to   space 4096K, 0% used [0x00000000d6e80000,0x00000000d6e80000,0x00000000d7280000)
 ParOldGen       total 68608K, used 1169K [0x0000000080000000, 0x0000000084300000, 0x00000000d5580000)
  object space 68608K, 1% used [0x0000000080000000,0x00000000801246a8,0x0000000084300000)
 Metaspace       used 8207K, committed 8512K, reserved 1114112K
  class space    used 871K, committed 1024K, reserved 1048576K
}

Dll operation events (9 events):
Event: 0.526 Loaded shared library c:\Users\LENOVO\.vscode\extensions\redhat.java-1.54.0-win32-x64\jre\21.0.10-win32-x86_64\bin\java.dll
Event: 1.026 Loaded shared library c:\Users\LENOVO\.vscode\extensions\redhat.java-1.54.0-win32-x64\jre\21.0.10-win32-x86_64\bin\zip.dll
Event: 1.097 Loaded shared library C:\Users\LENOVO\.vscode\extensions\redhat.java-1.54.0-win32-x64\jre\21.0.10-win32-x86_64\bin\instrument.dll
Event: 1.197 Loaded shared library C:\Users\LENOVO\.vscode\extensions\redhat.java-1.54.0-win32-x64\jre\21.0.10-win32-x86_64\bin\net.dll
Event: 1.297 Loaded shared library C:\Users\LENOVO\.vscode\extensions\redhat.java-1.54.0-win32-x64\jre\21.0.10-win32-x86_64\bin\nio.dll
Event: 1.303 Loaded shared library C:\Users\LENOVO\.vscode\extensions\redhat.java-1.54.0-win32-x64\jre\21.0.10-win32-x86_64\bin\zip.dll
Event: 1.360 Loaded shared library C:\Users\LENOVO\.vscode\extensions\redhat.java-1.54.0-win32-x64\jre\21.0.10-win32-x86_64\bin\jimage.dll
Event: 1.611 Loaded shared library c:\Users\LENOVO\.vscode\extensions\redhat.java-1.54.0-win32-x64\jre\21.0.10-win32-x86_64\bin\verify.dll
Event: 25.485 Loaded shared library C:\Users\LENOVO\AppData\Roaming\Code\User\globalStorage\redhat.java\1.54.0\config_ss_win\org.eclipse.equinox.launcher\org.eclipse.equinox.launcher.win32.win32.x86_64_1.3.0.v20260203-2149\eclipse_11919.dll

Deoptimization events (20 events):
Event: 4.098 Thread 0x000001a8c3474160 DEOPT PACKING pc=0x000001a8c67fcf88 sp=0x000000a4949fcbf0
Event: 4.098 Thread 0x000001a8c3474160 DEOPT UNPACKING pc=0x000001a8cdc04242 sp=0x000000a4949fc070 mode 0
Event: 4.100 Thread 0x000001a8c3474160 DEOPT PACKING pc=0x000001a8c67fcf88 sp=0x000000a4949fcef0
Event: 4.100 Thread 0x000001a8c3474160 DEOPT UNPACKING pc=0x000001a8cdc04242 sp=0x000000a4949fc370 mode 0
Event: 25.564 Thread 0x000001a8c3474160 Uncommon trap: trap_request=0xffffff45 fr.pc=0x000001a8ce1ccf60 relative=0x0000000000000040
Event: 25.564 Thread 0x000001a8c3474160 Uncommon trap: reason=unstable_if action=reinterpret pc=0x000001a8ce1ccf60 method=java.util.concurrent.locks.AbstractQueuedSynchronizer.signalNext(Ljava/util/concurrent/locks/AbstractQueuedSynchronizer$Node;)V @ 1 c2
Event: 25.564 Thread 0x000001a8c3474160 DEOPT PACKING pc=0x000001a8ce1ccf60 sp=0x000000a4949fee50
Event: 25.564 Thread 0x000001a8c3474160 DEOPT UNPACKING pc=0x000001a8cdc03aa2 sp=0x000000a4949fede8 mode 2
Event: 25.601 Thread 0x000001a8d9ea2480 Uncommon trap: trap_request=0xffffff6e fr.pc=0x000001a8ce1c3b68 relative=0x00000000000003a8
Event: 25.601 Thread 0x000001a8d9ea2480 Uncommon trap: reason=loop_limit_check action=maybe_recompile pc=0x000001a8ce1c3b68 method=java.lang.StringLatin1.indexOf([BI[BII)I @ 37 c2
Event: 25.601 Thread 0x000001a8d9ea2480 DEOPT PACKING pc=0x000001a8ce1c3b68 sp=0x000000a495cf9070
Event: 25.601 Thread 0x000001a8d9ea2480 DEOPT UNPACKING pc=0x000001a8cdc03aa2 sp=0x000000a495cf8fd0 mode 2
Event: 26.475 Thread 0x000001a8d9ea2480 Uncommon trap: trap_request=0xffffff45 fr.pc=0x000001a8ce20d20c relative=0x000000000000158c
Event: 26.475 Thread 0x000001a8d9ea2480 Uncommon trap: reason=unstable_if action=reinterpret pc=0x000001a8ce20d20c method=java.io.WinNTFileSystem.normalize(Ljava/lang/String;II)Ljava/lang/String; @ 100 c2
Event: 26.475 Thread 0x000001a8d9ea2480 DEOPT PACKING pc=0x000001a8ce20d20c sp=0x000000a495cf92c0
Event: 26.475 Thread 0x000001a8d9ea2480 DEOPT UNPACKING pc=0x000001a8cdc03aa2 sp=0x000000a495cf9200 mode 2
Event: 26.556 Thread 0x000001a8d9ea2480 Uncommon trap: trap_request=0xffffff45 fr.pc=0x000001a8ce1cd634 relative=0x0000000000000094
Event: 26.556 Thread 0x000001a8d9ea2480 Uncommon trap: reason=unstable_if action=reinterpret pc=0x000001a8ce1cd634 method=java.io.BufferedInputStream.getBufIfOpen(Z)[B @ 13 c2
Event: 26.556 Thread 0x000001a8d9ea2480 DEOPT PACKING pc=0x000001a8ce1cd634 sp=0x000000a495cf8ba0
Event: 26.556 Thread 0x000001a8d9ea2480 DEOPT UNPACKING pc=0x000001a8cdc03aa2 sp=0x000000a495cf8b20 mode 2

Classes loaded (20 events):
Event: 26.535 Loading class java/lang/CloneNotSupportedException
Event: 26.535 Loading class java/lang/CloneNotSupportedException done
Event: 26.610 Loading class java/util/stream/ReferencePipeline$5
Event: 26.610 Loading class java/util/stream/LongPipeline$StatelessOp
Event: 26.611 Loading class java/util/stream/LongPipeline
Event: 26.611 Loading class java/util/stream/LongStream
Event: 26.611 Loading class java/util/stream/LongStream done
Event: 26.612 Loading class java/util/stream/LongPipeline done
Event: 26.612 Loading class java/util/stream/LongPipeline$StatelessOp done
Event: 26.612 Loading class java/util/stream/ReferencePipeline$5 done
Event: 26.612 Loading class java/util/function/LongBinaryOperator
Event: 26.612 Loading class java/util/function/LongBinaryOperator done
Event: 26.613 Loading class java/util/stream/ReduceOps$10
Event: 26.613 Loading class java/util/stream/ReduceOps$10 done
Event: 26.613 Loading class java/util/stream/ReduceOps$8ReducingSink
Event: 26.615 Loading class java/util/stream/Sink$OfLong
Event: 26.616 Loading class java/util/stream/Sink$OfLong done
Event: 26.616 Loading class java/util/stream/ReduceOps$8ReducingSink done
Event: 26.616 Loading class java/util/stream/ReferencePipeline$5$1
Event: 26.616 Loading class java/util/stream/ReferencePipeline$5$1 done

Classes unloaded (0 events):
No events

Classes redefined (0 events):
No events

Internal exceptions (20 events):
Event: 3.128 Thread 0x000001a8c3474160 Exception <a 'java/lang/ClassNotFoundException'{0x00000000d6e785b0}: sun/net/www/protocol/c/Handler> (0x00000000d6e785b0) 
thrown [s\src\hotspot\share\classfile\systemDictionary.cpp, line 312]
Event: 3.164 Thread 0x000001a8c3474160 Exception <a 'java/io/FileNotFoundException'{0x00000000d55a10d0}> (0x00000000d55a10d0) 
thrown [s\src\hotspot\share\prims\jni.cpp, line 520]
Event: 3.228 Thread 0x000001a8c3474160 Implicit null exception at 0x000001a8ce1b12e6 to 0x000001a8ce1b1392
Event: 3.228 Thread 0x000001a8c3474160 Implicit null exception at 0x000001a8ce1b4a1a to 0x000001a8ce1b4c38
Event: 3.230 Thread 0x000001a8c3474160 Exception <a 'java/lang/NoSuchMethodError'{0x00000000d56d0c08}: 'void java.lang.invoke.DirectMethodHandle$Holder.invokeStatic(java.lang.Object, java.lang.Object, java.lang.Object, java.lang.Object)'> (0x00000000d56d0c08) 
thrown [s\src\hotspot\share\interpreter\linkResolver.cpp, line 773]
Event: 3.231 Thread 0x000001a8c3474160 Implicit null exception at 0x000001a8ce1b671a to 0x000001a8ce1b693c
Event: 3.231 Thread 0x000001a8c3474160 Implicit null exception at 0x000001a8ce1b4240 to 0x000001a8ce1b42c5
Event: 3.399 Thread 0x000001a8c3474160 Exception <a 'java/lang/NoSuchMethodError'{0x00000000d5991db0}: 'void java.lang.invoke.DirectMethodHandle$Holder.invokeSpecial(java.lang.Object, java.lang.Object, java.lang.Object)'> (0x00000000d5991db0) 
thrown [s\src\hotspot\share\interpreter\linkResolver.cpp, line 773]
Event: 3.826 Thread 0x000001a8c3474160 Exception <a 'java/lang/NoSuchMethodError'{0x00000000d62adb28}: 'int java.lang.invoke.DirectMethodHandle$Holder.invokeVirtual(java.lang.Object, java.lang.Object)'> (0x00000000d62adb28) 
thrown [s\src\hotspot\share\interpreter\linkResolver.cpp, line 773]
Event: 3.903 Thread 0x000001a8c3474160 Exception <a 'java/lang/NoSuchMethodError'{0x00000000d64200a0}: 'int java.lang.invoke.DirectMethodHandle$Holder.invokeStaticInit(java.lang.Object, java.lang.Object, java.lang.Object, java.lang.Object)'> (0x00000000d64200a0) 
thrown [s\src\hotspot\share\interpreter\linkResolver.cpp, line 773]
Event: 3.905 Thread 0x000001a8c3474160 Exception <a 'java/lang/IncompatibleClassChangeError'{0x00000000d6428a10}: Found class java.lang.Object, but interface was expected> (0x00000000d6428a10) 
thrown [s\src\hotspot\share\interpreter\linkResolver.cpp, line 840]
Event: 3.906 Thread 0x000001a8c3474160 Exception <a 'java/lang/NoSuchMethodError'{0x00000000d642efc0}: 'void java.lang.invoke.DirectMethodHandle$Holder.invokeStaticInit(java.lang.Object, java.lang.Object)'> (0x00000000d642efc0) 
thrown [s\src\hotspot\share\interpreter\linkResolver.cpp, line 773]
Event: 3.907 Thread 0x000001a8c3474160 Exception <a 'java/lang/NoSuchMethodError'{0x00000000d6438418}: 'int java.lang.invoke.DirectMethodHandle$Holder.invokeStaticInit(java.lang.Object, java.lang.Object)'> (0x00000000d6438418) 
thrown [s\src\hotspot\share\interpreter\linkResolver.cpp, line 773]
Event: 3.981 Thread 0x000001a8c3474160 Exception <a 'java/lang/NoSuchMethodError'{0x00000000d6680590}: 'java.lang.Object java.lang.invoke.DirectMethodHandle$Holder.newInvokeSpecial(java.lang.Object, int, java.lang.Object)'> (0x00000000d6680590) 
thrown [s\src\hotspot\share\interpreter\linkResolver.cpp, line 773]
Event: 4.040 Thread 0x000001a8c3474160 Exception <a 'java/lang/ClassNotFoundException'{0x00000000d6899978}: sun/net/www/protocol/plurl/Handler> (0x00000000d6899978) 
thrown [s\src\hotspot\share\classfile\systemDictionary.cpp, line 312]
Event: 4.040 Thread 0x000001a8c3474160 Exception <a 'java/lang/ClassNotFoundException'{0x00000000d689a7f8}: sun/net/www/protocol/plurl/Handler> (0x00000000d689a7f8) 
thrown [s\src\hotspot\share\classfile\systemDictionary.cpp, line 312]
Event: 25.120 Thread 0x000001a8c3474160 Exception <a 'java/lang/UnsatisfiedLinkError'{0x00000000d6cec1b8}: 'void org.eclipse.equinox.launcher.JNIBridge._update_splash()'> (0x00000000d6cec1b8) 
thrown [s\src\hotspot\share\prims\nativeLookup.cpp, line 415]
Event: 26.094 Thread 0x000001a8d9ea2480 Exception <a 'java/lang/NullPointerException'{0x00000000d57e0240}> (0x00000000d57e0240) 
thrown [s\src\hotspot\share\interpreter\linkResolver.cpp, line 1372]
Event: 26.094 Thread 0x000001a8d9ea2480 Exception <a 'java/lang/NullPointerException'{0x00000000d57e0520}> (0x00000000d57e0520) 
thrown [s\src\hotspot\share\interpreter\linkResolver.cpp, line 1372]
Event: 26.609 Thread 0x000001a8d9ea2480 Exception <a 'java/lang/NoSuchMethodError'{0x00000000d60d8808}: 'long java.lang.invoke.DirectMethodHandle$Holder.invokeSpecial(java.lang.Object, java.lang.Object)'> (0x00000000d60d8808) 
thrown [s\src\hotspot\share\interpreter\linkResolver.cpp, line 773]

ZGC Phase Switch (0 events):
No events

VM Operations (20 events):
Event: 2.269 Executing non-safepoint VM operation: HandshakeAllThreads (Deoptimize)
Event: 2.269 Executing non-safepoint VM operation: HandshakeAllThreads (Deoptimize) done
Event: 3.136 Executing safepoint VM operation: ParallelGCFailedAllocation (Allocation Failure)
Event: 3.149 Executing safepoint VM operation: ParallelGCFailedAllocation (Allocation Failure) done
Event: 3.940 Executing non-safepoint VM operation: HandshakeAllThreads (Deoptimize)
Event: 3.941 Executing non-safepoint VM operation: HandshakeAllThreads (Deoptimize) done
Event: 3.965 Executing non-safepoint VM operation: HandshakeAllThreads (Deoptimize)
Event: 3.965 Executing non-safepoint VM operation: HandshakeAllThreads (Deoptimize) done
Event: 4.020 Executing non-safepoint VM operation: HandshakeAllThreads (Deoptimize)
Event: 4.020 Executing non-safepoint VM operation: HandshakeAllThreads (Deoptimize) done
Event: 4.035 Executing non-safepoint VM operation: HandshakeAllThreads (Deoptimize)
Event: 4.035 Executing non-safepoint VM operation: HandshakeAllThreads (Deoptimize) done
Event: 5.038 Executing safepoint VM operation: Cleanup
Event: 5.038 Executing safepoint VM operation: Cleanup done
Event: 25.176 Executing safepoint VM operation: Cleanup
Event: 25.499 Executing safepoint VM operation: Cleanup done
Event: 25.777 Executing safepoint VM operation: ParallelGCFailedAllocation (Allocation Failure)
Event: 25.785 Executing safepoint VM operation: ParallelGCFailedAllocation (Allocation Failure) done
Event: 26.397 Executing non-safepoint VM operation: HandshakeAllThreads (Deoptimize)
Event: 26.397 Executing non-safepoint VM operation: HandshakeAllThreads (Deoptimize) done

Memory protections (0 events):
No events

Nmethod flushes (0 events):
No events

Events (19 events):
Event: 0.661 Thread 0x000001a8c3474160 Thread added: 0x000001a8c3474160
Event: 0.738 Thread 0x000001a8c3474160 Thread added: 0x000001a8d9e5b660
Event: 0.738 Thread 0x000001a8c3474160 Thread added: 0x000001a8d9e5ccb0
Event: 0.739 Thread 0x000001a8c3474160 Thread added: 0x000001a8d9e60590
Event: 0.739 Thread 0x000001a8c3474160 Thread added: 0x000001a8d9e611f0
Event: 0.739 Thread 0x000001a8c3474160 Thread added: 0x000001a8d9e61e50
Event: 0.739 Thread 0x000001a8c3474160 Thread added: 0x000001a8d9e648c0
Event: 0.739 Thread 0x000001a8c3474160 Thread added: 0x000001a8d9e65700
Event: 0.746 Thread 0x000001a8c3474160 Thread added: 0x000001a8d9eada60
Event: 1.104 Thread 0x000001a8c3474160 Thread added: 0x000001a8dac1a480
Event: 1.546 Thread 0x000001a8d9e65700 Thread added: 0x000001a8dad39e70
Event: 1.800 Thread 0x000001a8c3474160 Thread added: 0x000001a8dae33bd0
Event: 2.584 Thread 0x000001a8dad39e70 Thread exited: 0x000001a8dad39e70
Event: 3.038 Thread 0x000001a8d9eada60 Thread added: 0x000001a8df1ce620
Event: 3.926 Thread 0x000001a8c3474160 Thread added: 0x000001a8df49b7d0
Event: 4.337 Thread 0x000001a8df1ce620 Thread exited: 0x000001a8df1ce620
Event: 25.108 Thread 0x000001a8c3474160 Thread added: 0x000001a8dad4a6d0
Event: 25.118 Thread 0x000001a8c3474160 Thread added: 0x000001a8d9ea2480
Event: 26.355 Thread 0x000001a8d9ea2480 Thread added: 0x000001a8dae8fc30


Dynamic libraries:
0x00007ff736ec0000 - 0x00007ff736ece000 	c:\Users\LENOVO\.vscode\extensions\redhat.java-1.54.0-win32-x64\jre\21.0.10-win32-x86_64\bin\java.exe
0x00007ffc775d0000 - 0x00007ffc777c8000 	C:\WINDOWS\SYSTEM32\ntdll.dll
0x00007ffc762a0000 - 0x00007ffc76362000 	C:\WINDOWS\System32\KERNEL32.DLL
0x00007ffc74c60000 - 0x00007ffc74f56000 	C:\WINDOWS\System32\KERNELBASE.dll
0x00007ffc74f90000 - 0x00007ffc75090000 	C:\WINDOWS\System32\ucrtbase.dll
0x00007ffc451c0000 - 0x00007ffc451de000 	c:\Users\LENOVO\.vscode\extensions\redhat.java-1.54.0-win32-x64\jre\21.0.10-win32-x86_64\bin\VCRUNTIME140.dll
0x00007ffc44e40000 - 0x00007ffc44e58000 	c:\Users\LENOVO\.vscode\extensions\redhat.java-1.54.0-win32-x64\jre\21.0.10-win32-x86_64\bin\jli.dll
0x00007ffc76d20000 - 0x00007ffc76ec1000 	C:\WINDOWS\System32\USER32.dll
0x00007ffc75540000 - 0x00007ffc75562000 	C:\WINDOWS\System32\win32u.dll
0x00007ffc77080000 - 0x00007ffc770ab000 	C:\WINDOWS\System32\GDI32.dll
0x00007ffc75420000 - 0x00007ffc75539000 	C:\WINDOWS\System32\gdi32full.dll
0x00007ffc75090000 - 0x00007ffc7512d000 	C:\WINDOWS\System32\msvcp_win.dll
0x00007ffc62750000 - 0x00007ffc629eb000 	C:\WINDOWS\WinSxS\amd64_microsoft.windows.common-controls_6595b64144ccf1df_6.0.19041.6456_none_60b8a6cb71f64256\COMCTL32.dll
0x00007ffc755f0000 - 0x00007ffc7568e000 	C:\WINDOWS\System32\msvcrt.dll
0x00007ffc76210000 - 0x00007ffc7623f000 	C:\WINDOWS\System32\IMM32.DLL
0x00007ffc68b30000 - 0x00007ffc68b3c000 	c:\Users\LENOVO\.vscode\extensions\redhat.java-1.54.0-win32-x64\jre\21.0.10-win32-x86_64\bin\vcruntime140_1.dll
0x00007ffc0e670000 - 0x00007ffc0e6fd000 	c:\Users\LENOVO\.vscode\extensions\redhat.java-1.54.0-win32-x64\jre\21.0.10-win32-x86_64\bin\msvcp140.dll
0x00007ffbdf9d0000 - 0x00007ffbe0771000 	c:\Users\LENOVO\.vscode\extensions\redhat.java-1.54.0-win32-x64\jre\21.0.10-win32-x86_64\bin\server\jvm.dll
0x00007ffc763d0000 - 0x00007ffc76481000 	C:\WINDOWS\System32\ADVAPI32.dll
0x00007ffc76ed0000 - 0x00007ffc76f6f000 	C:\WINDOWS\System32\sechost.dll
0x00007ffc760f0000 - 0x00007ffc76210000 	C:\WINDOWS\System32\RPCRT4.dll
0x00007ffc74f60000 - 0x00007ffc74f87000 	C:\WINDOWS\System32\bcrypt.dll
0x00007ffc77520000 - 0x00007ffc7758b000 	C:\WINDOWS\System32\WS2_32.dll
0x00007ffc74160000 - 0x00007ffc741ab000 	C:\WINDOWS\SYSTEM32\POWRPROF.dll
0x00007ffc6e7b0000 - 0x00007ffc6e7d7000 	C:\WINDOWS\SYSTEM32\WINMM.dll
0x00007ffc6d720000 - 0x00007ffc6d72a000 	C:\WINDOWS\SYSTEM32\VERSION.dll
0x00007ffc74020000 - 0x00007ffc74032000 	C:\WINDOWS\SYSTEM32\UMPDC.dll
0x00007ffc73460000 - 0x00007ffc73472000 	C:\WINDOWS\SYSTEM32\kernel.appcore.dll
0x00007ffc607a0000 - 0x00007ffc607aa000 	c:\Users\LENOVO\.vscode\extensions\redhat.java-1.54.0-win32-x64\jre\21.0.10-win32-x86_64\bin\jimage.dll
0x00007ffc71920000 - 0x00007ffc71b21000 	C:\WINDOWS\SYSTEM32\DBGHELP.DLL
0x00007ffc68580000 - 0x00007ffc685b4000 	C:\WINDOWS\SYSTEM32\dbgcore.DLL
0x00007ffc75180000 - 0x00007ffc75202000 	C:\WINDOWS\System32\bcryptPrimitives.dll
0x00007ffc5fd80000 - 0x00007ffc5fd8f000 	c:\Users\LENOVO\.vscode\extensions\redhat.java-1.54.0-win32-x64\jre\21.0.10-win32-x86_64\bin\instrument.dll
0x00007ffc40300000 - 0x00007ffc40320000 	c:\Users\LENOVO\.vscode\extensions\redhat.java-1.54.0-win32-x64\jre\21.0.10-win32-x86_64\bin\java.dll
0x00007ffc75880000 - 0x00007ffc75ff0000 	C:\WINDOWS\System32\SHELL32.dll
0x00007ffc72c70000 - 0x00007ffc73415000 	C:\WINDOWS\SYSTEM32\windows.storage.dll
0x00007ffc76570000 - 0x00007ffc768c4000 	C:\WINDOWS\System32\combase.dll
0x00007ffc745b0000 - 0x00007ffc745db000 	C:\WINDOWS\SYSTEM32\Wldp.dll
0x00007ffc764a0000 - 0x00007ffc7656d000 	C:\WINDOWS\System32\OLEAUT32.dll
0x00007ffc757d0000 - 0x00007ffc7587d000 	C:\WINDOWS\System32\SHCORE.dll
0x00007ffc76240000 - 0x00007ffc7629b000 	C:\WINDOWS\System32\shlwapi.dll
0x00007ffc74b90000 - 0x00007ffc74bb4000 	C:\WINDOWS\SYSTEM32\profapi.dll
0x00007ffc391c0000 - 0x00007ffc391d8000 	c:\Users\LENOVO\.vscode\extensions\redhat.java-1.54.0-win32-x64\jre\21.0.10-win32-x86_64\bin\zip.dll
0x00007ffc5fa70000 - 0x00007ffc5fa80000 	C:\Users\LENOVO\.vscode\extensions\redhat.java-1.54.0-win32-x64\jre\21.0.10-win32-x86_64\bin\net.dll
0x00007ffc6a280000 - 0x00007ffc6a38a000 	C:\WINDOWS\SYSTEM32\WINHTTP.dll
0x00007ffc74390000 - 0x00007ffc743fa000 	C:\WINDOWS\system32\mswsock.dll
0x00007ffc384d0000 - 0x00007ffc384e6000 	C:\Users\LENOVO\.vscode\extensions\redhat.java-1.54.0-win32-x64\jre\21.0.10-win32-x86_64\bin\nio.dll
0x00007ffc5eea0000 - 0x00007ffc5eeb0000 	c:\Users\LENOVO\.vscode\extensions\redhat.java-1.54.0-win32-x64\jre\21.0.10-win32-x86_64\bin\verify.dll
0x00007ffc2e110000 - 0x00007ffc2e155000 	C:\Users\LENOVO\AppData\Roaming\Code\User\globalStorage\redhat.java\1.54.0\config_ss_win\org.eclipse.equinox.launcher\org.eclipse.equinox.launcher.win32.win32.x86_64_1.3.0.v20260203-2149\eclipse_11919.dll
0x00007ffc76a40000 - 0x00007ffc76b6b000 	C:\WINDOWS\System32\ole32.dll

JVMTI agents:
c:\Users\LENOVO\.vscode\extensions\redhat.java-1.54.0-win32-x64\lombok\lombok-1.18.39-4050.jar path:c:\Users\LENOVO\.vscode\extensions\redhat.java-1.54.0-win32-x64\jre\21.0.10-win32-x86_64\bin\instrument.dll, loaded, initialized, instrumentlib options:none

dbghelp: loaded successfully - version: 4.0.5 - missing functions: none
symbol engine: initialized successfully - sym options: 0x614 - pdb path: .;c:\Users\LENOVO\.vscode\extensions\redhat.java-1.54.0-win32-x64\jre\21.0.10-win32-x86_64\bin;C:\WINDOWS\SYSTEM32;C:\WINDOWS\WinSxS\amd64_microsoft.windows.common-controls_6595b64144ccf1df_6.0.19041.6456_none_60b8a6cb71f64256;c:\Users\LENOVO\.vscode\extensions\redhat.java-1.54.0-win32-x64\jre\21.0.10-win32-x86_64\bin\server;C:\Users\LENOVO\AppData\Roaming\Code\User\globalStorage\redhat.java\1.54.0\config_ss_win\org.eclipse.equinox.launcher\org.eclipse.equinox.launcher.win32.win32.x86_64_1.3.0.v20260203-2149

VM Arguments:
jvm_args: --add-modules=ALL-SYSTEM --add-opens=java.base/java.util=ALL-UNNAMED --add-opens=java.base/java.lang=ALL-UNNAMED --add-opens=java.base/sun.nio.fs=ALL-UNNAMED -Declipse.application=org.eclipse.jdt.ls.core.id1 -Dosgi.bundles.defaultStartLevel=4 -Declipse.product=org.eclipse.jdt.ls.core.product -Djava.import.generatesMetadataFilesAtProjectRoot=false -DDetectVMInstallationsJob.disabled=true -Dfile.encoding=utf8 -XX:+UseParallelGC -XX:GCTimeRatio=4 -XX:AdaptiveSizePolicyWeight=90 -Dsun.zip.disableMemoryMapping=true -Xmx2G -Xms100m -Xlog:disable -javaagent:c:\Users\LENOVO\.vscode\extensions\redhat.java-1.54.0-win32-x64\lombok\lombok-1.18.39-4050.jar 
java_command: c:\Users\LENOVO\.vscode\extensions\redhat.java-1.54.0-win32-x64\server\plugins\org.eclipse.equinox.launcher_1.7.100.v20251111-0406.jar -configuration c:\Users\LENOVO\AppData\Roaming\Code\User\globalStorage\redhat.java\1.54.0\config_ss_win -data c:\Users\LENOVO\AppData\Roaming\Code\User\workspaceStorage\f2823ae95278813818fe3b79dc4daa3b\redhat.java\ss_ws --pipe=\\.\pipe\lsp-fd73ba9425f32021b7aef7cae5f38cb8-sock
java_class_path (initial): c:\Users\LENOVO\.vscode\extensions\redhat.java-1.54.0-win32-x64\server\plugins\org.eclipse.equinox.launcher_1.7.100.v20251111-0406.jar
Launcher Type: SUN_STANDARD

[Global flags]
    uintx AdaptiveSizePolicyWeight                 = 90                                        {product} {command line}
     intx CICompilerCount                          = 3                                         {product} {ergonomic}
    uintx GCTimeRatio                              = 4                                         {product} {command line}
   size_t InitialHeapSize                          = 104857600                                 {product} {command line}
   size_t MaxHeapSize                              = 2147483648                                {product} {command line}
   size_t MaxNewSize                               = 715653120                                 {product} {ergonomic}
   size_t MinHeapDeltaBytes                        = 524288                                    {product} {ergonomic}
   size_t MinHeapSize                              = 104857600                                 {product} {command line}
   size_t NewSize                                  = 34603008                                  {product} {ergonomic}
    uintx NonNMethodCodeHeapSize                   = 5832780                                {pd product} {ergonomic}
    uintx NonProfiledCodeHeapSize                  = 122912730                              {pd product} {ergonomic}
   size_t OldSize                                  = 70254592                                  {product} {ergonomic}
    uintx ProfiledCodeHeapSize                     = 122912730                              {pd product} {ergonomic}
    uintx ReservedCodeCacheSize                    = 251658240                              {pd product} {ergonomic}
     bool SegmentedCodeCache                       = true                                      {product} {ergonomic}
   size_t SoftMaxHeapSize                          = 2147483648                             {manageable} {ergonomic}
     bool UseCompressedOops                        = true                           {product lp64_product} {ergonomic}
     bool UseLargePagesIndividualAllocation        = false                                  {pd product} {ergonomic}
     bool UseParallelGC                            = true                                      {product} {command line}

Logging:
Log output configuration:
 #0: stdout all=off uptime,level,tags foldmultilines=false
 #1: stderr all=off uptime,level,tags foldmultilines=false

Release file:
JAVA_VERSION="21.0.10" 
MODULES="java.base java.compiler java.datatransfer java.xml java.prefs java.desktop java.instrument java.logging java.management java.security.sasl java.naming java.rmi java.management.rmi java.net.http java.scripting java.security.jgss java.transaction.xa java.sql java.sql.rowset java.xml.crypto java.se java.smartcardio jdk.accessibility jdk.internal.jvmstat jdk.attach jdk.charsets jdk.internal.opt jdk.zipfs jdk.compiler jdk.crypto.ec jdk.crypto.cryptoki jdk.crypto.mscapi jdk.dynalink jdk.internal.ed jdk.editpad jdk.hotspot.agent jdk.httpserver jdk.internal.le jdk.internal.vm.ci jdk.internal.vm.compiler jdk.internal.vm.compiler.management jdk.jartool jdk.javadoc jdk.jcmd jdk.management jdk.management.agent jdk.jconsole jdk.jdeps jdk.jdwp.agent jdk.jdi jdk.jfr jdk.jshell jdk.jsobject jdk.jstatd jdk.localedata jdk.management.jfr jdk.naming.dns jdk.naming.rmi jdk.net jdk.nio.mapmode jdk.random jdk.sctp jdk.security.auth jdk.security.jgss jdk.unsupported jdk.unsupported.desktop jdk.xml.dom" 

Environment Variables:
JAVA_HOME=C:\Program Files\Java\jdk-17
PATH=C:\Program Files\Python311\Scripts\;C:\Program Files\Python311\;D:\SQL_PLUS\dbhomeXE\bin;C:\Program Files\Common Files\Oracle\Java\javapath;C:\Python310\Scripts\;C:\Python310\;C:\Program Files (x86)\Intel\iCLS Client\;C:\Program Files\Intel\iCLS Client\;C:\Windows\system32;C:\Windows;C:\Windows\System32\Wbem;C:\Windows\System32\WindowsPowerShell\v1.0\;C:\Program Files (x86)\Intel\Intel(R) Management Engine Components\DAL;C:\Program Files\Intel\Intel(R) Management Engine Components\DAL;C:\Program Files (x86)\Intel\Intel(R) Management Engine Components\IPT;C:\Program Files\Intel\Intel(R) Management Engine Components\IPT;C:\Program Files (x86)\NVIDIA Corporation\PhysX\Common;C:\Program Files\Php-8;C:\WINDOWS\system32;C:\WINDOWS;C:\WINDOWS\System32\Wbem;C:\WINDOWS\System32\WindowsPowerShell\v1.0\;C:\WINDOWS\System32\OpenSSH\;C:\Program Files\Git\cmd;C:\ProgramData\chocolatey\bin;C:\xampp\php;C:\composer;C:\Program Files\nodejs\;C:\Users\LENOVO\Downloads\apache-maven-3.9.11-bin;C:\Users\LENOVO\Downloads\apache-maven-3.9.11-bin\apache-maven-3.9.11\bin;C:\Users\LENOVO\Downloads\apache-maven-3.9.11-bin\apache-maven-3.9.11\bin;%JAVA_HOME%\bin;C:\Program Files (x86)\Microsoft SQL Server\170\Tools\Binn\;C:\Program Files\Microsoft SQL Server\170\Tools\Binn\;C:\Program Files\Microsoft SQL Server\Client SDK\ODBC\180\Tools\Binn\;C:\Program Files\Microsoft SQL Server\170\DTS\Binn\;C:\Program Files (x86)\Microsoft SQL Server\170\DTS\Binn\;C:\Program Files\Microsoft SQL Server\Client SDK\ODBC\170\Tools\Binn\;C:\Program Files\Docker\Docker\resources\bin;C:\Users\LENOVO\AppData\Local\Programs\Python\Python312\Scripts\;C:\Users\LENOVO\AppData\Local\Programs\Python\Python312\;C:\Users\LENOVO\AppData\Local\Programs\Python\Launcher\;C:\Users\LENOVO\.local\bin;C:\Program Files\MySQL\MySQL Shell 8.0\bin\;C:\Users\LENOVO\AppData\Local\Microsoft\WindowsApps;C:\Users\LENOVO\AppData\Local\Programs\Microsoft VS Code\bin;C:\apache-maven-3.8.5\bin;C:\Users\LENOVO\AppData\Roaming\Composer\vendor\bin;C:\Users\LENOVO\AppData\Roaming\npm;C:\Program Files\JetBrains\IntelliJ IDEA Community Edition 2025.2.1\bin
USERNAME=LENOVO
OS=Windows_NT
PROCESSOR_IDENTIFIER=Intel64 Family 6 Model 142 Stepping 9, GenuineIntel
TMP=C:\Users\LENOVO\AppData\Local\Temp
TEMP=C:\Users\LENOVO\AppData\Local\Temp




Periodic native trim disabled

---------------  S Y S T E M  ---------------

OS:
 Windows 10 , 64 bit Build 19041 (10.0.19041.5915)
OS uptime: 7 days 20:29 hours
Hyper-V role detected

CPU: total 4 (initial active 4) (2 cores per cpu, 2 threads per core) family 6 model 142 stepping 9 microcode 0xb4, cx8, cmov, fxsr, ht, mmx, 3dnowpref, sse, sse2, sse3, ssse3, sse4.1, sse4.2, popcnt, lzcnt, tsc, tscinvbit, avx, avx2, aes, erms, clmul, bmi1, bmi2, adx, fma, vzeroupper, clflush, clflushopt, hv, rdtscp, f16c
Processor Information for processor 0
  Max Mhz: 2901, Current Mhz: 2901, Mhz Limit: 2901
Processor Information for processor 1
  Max Mhz: 2901, Current Mhz: 1500, Mhz Limit: 2901
Processor Information for processor 2
  Max Mhz: 2901, Current Mhz: 2901, Mhz Limit: 2901
Processor Information for processor 3
  Max Mhz: 2901, Current Mhz: 1500, Mhz Limit: 2901

Memory: 4k page, system-wide physical 8094M (366M free)
TotalPageFile size 19697M (AvailPageFile size 0M)
current process WorkingSet (physical memory assigned to process): 94M, peak: 94M
current process commit charge ("private bytes"): 229M, peak: 229M

vm_info: OpenJDK 64-Bit Server VM (21.0.10+7-LTS) for windows-amd64 JRE (21.0.10+7-LTS), built on 2026-01-20T00:00:00Z by "admin" with MS VC++ 17.12 (VS2022)

END.
