#
# There is insufficient memory for the Java Runtime Environment to continue.
# Native memory allocation (malloc) failed to allocate 1048576 bytes. Error detail: AllocateHeap
# Possible reasons:
#   The system is out of physical RAM or swap space
#   This process is running with CompressedOops enabled, and the Java Heap may be blocking the growth of the native heap
# Possible solutions:
#   Reduce memory load on the system
#   Increase physical memory or swap space
#   Check if swap backing store is full
#   Decrease Java heap size (-Xmx/-Xms)
#   Decrease number of Java threads
#   Decrease Java thread stack sizes (-Xss)
#   Set larger code cache with -XX:ReservedCodeCacheSize=
#   JVM is running with Unscaled Compressed Oops mode in which the Java heap is
#     placed in the first 4GB address space. The Java Heap base address is the
#     maximum limit for the native heap growth. Please use -XX:HeapBaseMinAddress
#     to set the Java Heap base and to place the Java Heap above 4GB virtual address.
# This output file may be truncated or incomplete.
#
#  Out of Memory Error (allocation.cpp:44), pid=20588, tid=3328
#
# JRE version: OpenJDK Runtime Environment Temurin-21.0.10+7 (21.0.10+7) (build 21.0.10+7-LTS)
# Java VM: OpenJDK 64-Bit Server VM Temurin-21.0.10+7 (21.0.10+7-LTS, mixed mode, sharing, tiered, compressed oops, compressed class ptrs, parallel gc, windows-amd64)
# No core dump will be written. Minidumps are not enabled by default on client versions of Windows
#

---------------  S U M M A R Y ------------

Command Line: --add-modules=ALL-SYSTEM --add-opens=java.base/java.util=ALL-UNNAMED --add-opens=java.base/java.lang=ALL-UNNAMED --add-opens=java.base/sun.nio.fs=ALL-UNNAMED -Declipse.application=org.eclipse.jdt.ls.core.id1 -Dosgi.bundles.defaultStartLevel=4 -Declipse.product=org.eclipse.jdt.ls.core.product -Djava.import.generatesMetadataFilesAtProjectRoot=false -DDetectVMInstallationsJob.disabled=true -Dfile.encoding=utf8 -XX:+UseParallelGC -XX:GCTimeRatio=4 -XX:AdaptiveSizePolicyWeight=90 -Dsun.zip.disableMemoryMapping=true -Xmx2G -Xms100m -Xlog:disable -javaagent:c:\Users\LENOVO\.vscode\extensions\redhat.java-1.54.0-win32-x64\lombok\lombok-1.18.39-4050.jar -XX:+HeapDumpOnOutOfMemoryError -XX:HeapDumpPath=c:\Users\LENOVO\AppData\Roaming\Code\User\workspaceStorage\f2823ae95278813818fe3b79dc4daa3b\redhat.java -Daether.dependencyCollector.impl=bf c:\Users\LENOVO\.vscode\extensions\redhat.java-1.54.0-win32-x64\server\plugins\org.eclipse.equinox.launcher_1.7.100.v20251111-0406.jar -configuration c:\Users\LENOVO\AppData\Roaming\Code\User\globalStorage\redhat.java\1.54.0\config_win -data c:\Users\LENOVO\AppData\Roaming\Code\User\workspaceStorage\f2823ae95278813818fe3b79dc4daa3b\redhat.java\jdt_ws --pipe=\\.\pipe\lsp-89ca087b5b0cfa9662626dcfa962461b-sock

Host: Intel(R) Core(TM) i7-7500U CPU @ 2.70GHz, 4 cores, 7G,  Windows 10 , 64 bit Build 19041 (10.0.19041.5915)
Time: Mon Jun 15 11:48:25 2026 elapsed time: 2423.177495 seconds (0d 0h 40m 23s)

---------------  T H R E A D  ---------------

Current thread (0x000001409fa2e790):  JavaThread "Attach Listener" daemon [_thread_in_vm, id=3328, stack(0x00000030be200000,0x00000030be300000) (1024K)]

Stack: [0x00000030be200000,0x00000030be300000]
Native frames: (J=compiled Java code, j=interpreted, Vv=VM code, C=native code)
V  [jvm.dll+0x6d7a39]
V  [jvm.dll+0x8b4b26]
V  [jvm.dll+0x8b70de]
V  [jvm.dll+0x8b77c3]
V  [jvm.dll+0x284346]
V  [jvm.dll+0xc1277]
V  [jvm.dll+0x6d82e9]
V  [jvm.dll+0x1334a6]
V  [jvm.dll+0x3f857e]
V  [jvm.dll+0x85f59d]
V  [jvm.dll+0x6d626d]
C  [ucrtbase.dll+0x21bb2]
C  [KERNEL32.DLL+0x17374]
C  [ntdll.dll+0x4cc91]


---------------  P R O C E S S  ---------------

Threads class SMR info:
_java_thread_list=0x00000140e9df43a0, length=30, elements={
0x00000140890473f0, 0x000001409fa2a650, 0x000001409fa2bf60, 0x000001409fa2d870,
0x000001409fa2e790, 0x000001409fa31840, 0x000001409fa332b0, 0x000001409fa340f0,
0x000001409faaa210, 0x00000140e18a7da0, 0x00000140e19e5fd0, 0x00000140e6317ba0,
0x00000140e627c010, 0x00000140e6658010, 0x00000140e6658a50, 0x00000140e65e42b0,
0x00000140e6b703c0, 0x00000140e6b39c10, 0x00000140e6ba47e0, 0x00000140e6ba4e70,
0x00000140e670de30, 0x00000140e6712660, 0x00000140e6711fd0, 0x00000140e670f870,
0x00000140e6710c20, 0x00000140e670d7a0, 0x00000140e6713a10, 0x00000140e670eb50,
0x00000140e8ec11f0, 0x00000140e8ebaf80
}

Java Threads: ( => current thread )
  0x00000140890473f0 JavaThread "main"                              [_thread_blocked, id=2188, stack(0x00000030bdb00000,0x00000030bdc00000) (1024K)]
  0x000001409fa2a650 JavaThread "Reference Handler"          daemon [_thread_blocked, id=2244, stack(0x00000030bdf00000,0x00000030be000000) (1024K)]
  0x000001409fa2bf60 JavaThread "Finalizer"                  daemon [_thread_blocked, id=6500, stack(0x00000030be000000,0x00000030be100000) (1024K)]
  0x000001409fa2d870 JavaThread "Signal Dispatcher"          daemon [_thread_blocked, id=23128, stack(0x00000030be100000,0x00000030be200000) (1024K)]
=>0x000001409fa2e790 JavaThread "Attach Listener"            daemon [_thread_in_vm, id=3328, stack(0x00000030be200000,0x00000030be300000) (1024K)]
  0x000001409fa31840 JavaThread "Service Thread"             daemon [_thread_blocked, id=12444, stack(0x00000030be300000,0x00000030be400000) (1024K)]
  0x000001409fa332b0 JavaThread "Monitor Deflation Thread"   daemon [_thread_blocked, id=21404, stack(0x00000030be400000,0x00000030be500000) (1024K)]
  0x000001409fa340f0 JavaThread "C2 CompilerThread0"         daemon [_thread_blocked, id=22012, stack(0x00000030be500000,0x00000030be600000) (1024K)]
  0x000001409faaa210 JavaThread "C1 CompilerThread0"         daemon [_thread_blocked, id=20132, stack(0x00000030be600000,0x00000030be700000) (1024K)]
  0x00000140e18a7da0 JavaThread "Common-Cleaner"             daemon [_thread_blocked, id=24708, stack(0x00000030be700000,0x00000030be800000) (1024K)]
  0x00000140e19e5fd0 JavaThread "Notification Thread"        daemon [_thread_blocked, id=24036, stack(0x00000030be800000,0x00000030be900000) (1024K)]
  0x00000140e6317ba0 JavaThread "Active Thread: Equinox Container: 5467add8-c091-43be-8197-d2f5222e3e9c"        [_thread_blocked, id=24412, stack(0x00000030bed00000,0x00000030bee00000) (1024K)]
  0x00000140e627c010 JavaThread "Refresh Thread: Equinox Container: 5467add8-c091-43be-8197-d2f5222e3e9c" daemon [_thread_blocked, id=24976, stack(0x00000030be900000,0x00000030bea00000) (1024K)]
  0x00000140e6658010 JavaThread "Framework Event Dispatcher: Equinox Container: 5467add8-c091-43be-8197-d2f5222e3e9c" daemon [_thread_blocked, id=25428, stack(0x00000030bee00000,0x00000030bef00000) (1024K)]
  0x00000140e6658a50 JavaThread "Start Level: Equinox Container: 5467add8-c091-43be-8197-d2f5222e3e9c" daemon [_thread_blocked, id=14424, stack(0x00000030bef00000,0x00000030bf000000) (1024K)]
  0x00000140e65e42b0 JavaThread "Bundle File Closer"         daemon [_thread_blocked, id=16904, stack(0x00000030bf100000,0x00000030bf200000) (1024K)]
  0x00000140e6b703c0 JavaThread "SCR Component Actor"        daemon [_thread_blocked, id=19212, stack(0x00000030bf000000,0x00000030bf100000) (1024K)]
  0x00000140e6b39c10 JavaThread "Worker-JM"                         [_thread_blocked, id=2388, stack(0x00000030bd900000,0x00000030bda00000) (1024K)]
  0x00000140e6ba47e0 JavaThread "Java indexing"              daemon [_thread_blocked, id=7360, stack(0x00000030bf700000,0x00000030bf800000) (1024K)]
  0x00000140e6ba4e70 JavaThread "JNA Cleaner"                daemon [_thread_blocked, id=24604, stack(0x00000030bf600000,0x00000030bf700000) (1024K)]
  0x00000140e670de30 JavaThread "Thread-1"                   daemon [_thread_in_native, id=15144, stack(0x00000030bfe00000,0x00000030bff00000) (1024K)]
  0x00000140e6712660 JavaThread "Thread-2"                   daemon [_thread_in_native, id=16148, stack(0x00000030bff00000,0x00000030c0000000) (1024K)]
  0x00000140e6711fd0 JavaThread "Thread-3"                   daemon [_thread_in_native, id=23820, stack(0x00000030c0000000,0x00000030c0100000) (1024K)]
  0x00000140e670f870 JavaThread "Thread-4"                   daemon [_thread_in_native, id=17552, stack(0x00000030c0100000,0x00000030c0200000) (1024K)]
  0x00000140e6710c20 JavaThread "Thread-5"                   daemon [_thread_in_native, id=2624, stack(0x00000030c0200000,0x00000030c0300000) (1024K)]
  0x00000140e670d7a0 JavaThread "pool-2-thread-1"                   [_thread_blocked, id=22620, stack(0x00000030c0300000,0x00000030c0400000) (1024K)]
  0x00000140e6713a10 JavaThread "WorkspaceEventsHandler"            [_thread_blocked, id=8996, stack(0x00000030c0400000,0x00000030c0500000) (1024K)]
  0x00000140e670eb50 JavaThread "pool-1-thread-1"                   [_thread_blocked, id=9784, stack(0x00000030c0500000,0x00000030c0600000) (1024K)]
  0x00000140e8ec11f0 JavaThread "Worker-8"                          [_thread_blocked, id=21776, stack(0x00000030bda00000,0x00000030bdb00000) (1024K)]
  0x00000140e8ebaf80 JavaThread "Worker-12"                         [_thread_blocked, id=21104, stack(0x00000030bfb00000,0x00000030bfc00000) (1024K)]
Total: 30

Other Threads:
  0x0000014089100c20 VMThread "VM Thread"                           [id=24672, stack(0x00000030bde00000,0x00000030bdf00000) (1024K)]
  0x00000140890b28e0 WatcherThread "VM Periodic Task Thread"        [id=9320, stack(0x00000030bdd00000,0x00000030bde00000) (1024K)]
  0x0000014089066630 WorkerThread "GC Thread#0"                     [id=19624, stack(0x00000030bdc00000,0x00000030bdd00000) (1024K)]
  0x00000140e63b9080 WorkerThread "GC Thread#1"                     [id=20628, stack(0x00000030bea00000,0x00000030beb00000) (1024K)]
  0x00000140e6179230 WorkerThread "GC Thread#2"                     [id=12040, stack(0x00000030beb00000,0x00000030bec00000) (1024K)]
  0x00000140e61795e0 WorkerThread "GC Thread#3"                     [id=20924, stack(0x00000030bec00000,0x00000030bed00000) (1024K)]
Total: 6

Threads with active compile tasks:
Total: 0

VM state: not at safepoint (normal execution)

VM Mutex/Monitor currently owned by a thread: None

Heap address: 0x0000000080000000, size: 2048 MB, Compressed Oops mode: 32-bit

CDS archive(s) mapped at: [0x00000140a0000000-0x00000140a0ba0000-0x00000140a0ba0000), size 12189696, SharedBaseAddress: 0x00000140a0000000, ArchiveRelocationMode: 1.
Compressed class space mapped at: 0x00000140a1000000-0x00000140e1000000, reserved size: 1073741824
Narrow klass base: 0x00000140a0000000, Narrow klass shift: 0, Narrow klass range: 0x100000000

GC Precious Log:
 CardTable entry size: 512
 CPUs: 4 total, 4 available
 Memory: 8094M
 Large Page Support: Disabled
 NUMA Support: Disabled
 Compressed Oops: Enabled (32-bit)
 Alignments: Space 512K, Generation 512K, Heap 2M
 Heap Min Capacity: 100M
 Heap Initial Capacity: 100M
 Heap Max Capacity: 2G
 Pre-touch: Disabled
 Parallel Workers: 4

Heap:
 PSYoungGen      total 1536K, used 145K [0x00000000d5580000, 0x00000000d5800000, 0x0000000100000000)
  eden space 1024K, 4% used [0x00000000d5580000,0x00000000d558c608,0x00000000d5680000)
  from space 512K, 18% used [0x00000000d5780000,0x00000000d5798000,0x00000000d5800000)
  to   space 512K, 0% used [0x00000000d5700000,0x00000000d5700000,0x00000000d5780000)
 ParOldGen       total 869888K, used 869798K [0x0000000080000000, 0x00000000b5180000, 0x00000000d5580000)
  object space 869888K, 99% used [0x0000000080000000,0x00000000b5169b88,0x00000000b5180000)
 Metaspace       used 71601K, committed 73280K, reserved 1114112K
  class space    used 7657K, committed 8384K, reserved 1048576K

Card table byte_map: [0x0000014088a20000,0x0000014088e30000] _byte_map_base: 0x0000014088620000

Marking Bits: (ParMarkBitMap*) 0x00007ffbe1d13450
 Begin Bits: [0x000001409b500000, 0x000001409d500000)
 End Bits:   [0x000001409d500000, 0x000001409f500000)

Polling page: 0x0000014088810000

Metaspace:

Usage:
  Non-class:     62.45 MB used.
      Class:      7.48 MB used.
       Both:     69.92 MB used.

Virtual space:
  Non-class space:       64.00 MB reserved,      63.38 MB (>99%) committed,  1 nodes.
      Class space:        1.00 GB reserved,       8.19 MB ( <1%) committed,  1 nodes.
             Both:        1.06 GB reserved,      71.56 MB (  7%) committed. 

Chunk freelists:
   Non-Class:  14.00 KB
       Class:  7.86 MB
        Both:  7.87 MB

MaxMetaspaceSize: unlimited
CompressedClassSpaceSize: 1.00 GB
Initial GC threshold: 21.00 MB
Current GC threshold: 97.31 MB
CDS: on
 - commit_granule_bytes: 65536.
 - commit_granule_words: 8192.
 - virtual_space_node_default_size: 8388608.
 - enlarge_chunks_in_place: 1.
 - use_allocation_guard: 0.


Internal statistics:

num_allocs_failed_limit: 11.
num_arena_births: 1284.
num_arena_deaths: 18.
num_vsnodes_births: 2.
num_vsnodes_deaths: 0.
num_space_committed: 1145.
num_space_uncommitted: 0.
num_chunks_returned_to_freelist: 30.
num_chunks_taken_from_freelist: 4554.
num_chunk_merges: 16.
num_chunk_splits: 2747.
num_chunks_enlarged: 1507.
num_inconsistent_stats: 0.

CodeHeap 'non-profiled nmethods': size=120000Kb used=11765Kb max_used=11765Kb free=108234Kb
 bounds [0x0000014093d20000, 0x00000140948a0000, 0x000001409b250000]
CodeHeap 'profiled nmethods': size=120000Kb used=30690Kb max_used=30690Kb free=89309Kb
 bounds [0x000001408c250000, 0x000001408e050000, 0x0000014093780000]
CodeHeap 'non-nmethods': size=5760Kb used=1471Kb max_used=1570Kb free=4288Kb
 bounds [0x0000014093780000, 0x00000140939f0000, 0x0000014093d20000]
CodeCache: size=245760Kb, used=43926Kb, max_used=44025Kb, free=201831Kb
 total_blobs=13919, nmethods=13126, adapters=698, full_count=0
Compilation: enabled, stopped_count=0, restarted_count=0

Compilation events (20 events):
Event: 1958.610 Thread 0x000001409faaa210 13964       3       java.util.concurrent.ThreadPoolExecutor::ensurePrestart (41 bytes)
Event: 1958.625 Thread 0x000001409faaa210 nmethod 13964 0x000001408e03a990 code [0x000001408e03ab60, 0x000001408e03ae10]
Event: 1978.634 Thread 0x000001409faaa210 13965   !   3       java.util.concurrent.FutureTask::runAndReset (125 bytes)
Event: 1978.670 Thread 0x000001409faaa210 nmethod 13965 0x000001408e03af10 code [0x000001408e03b380, 0x000001408e03d7a0]
Event: 1978.670 Thread 0x000001409faaa210 13966       3       java.util.concurrent.ScheduledThreadPoolExecutor$ScheduledFutureTask::setNextRunTime (38 bytes)
Event: 1978.673 Thread 0x000001409faaa210 nmethod 13966 0x000001408e03e310 code [0x000001408e03e4c0, 0x000001408e03e750]
Event: 1978.674 Thread 0x000001409faaa210 13967       3       java.util.concurrent.ScheduledThreadPoolExecutor::reExecutePeriodic (49 bytes)
Event: 1978.690 Thread 0x000001409faaa210 nmethod 13967 0x000001408e03e810 code [0x000001408e03ea40, 0x000001408e03f1c0]
Event: 2127.878 Thread 0x000001409fa340f0 13968       4       java.net.URI::relativize (6 bytes)
Event: 2127.878 Thread 0x000001409faaa210 13969       3       java.net.URI::relativize (154 bytes)
Event: 2127.885 Thread 0x000001409faaa210 nmethod 13969 0x000001408e03f410 code [0x000001408e03f760, 0x000001408e040880]
Event: 2127.886 Thread 0x000001409faaa210 13970   !   3       org.eclipse.core.internal.localstore.FileSystemResourceManager::allPathsForLocationNonCanonical (481 bytes)
Event: 2127.992 Thread 0x000001409faaa210 nmethod 13970 0x000001408e040f90 code [0x000001408e041720, 0x000001408e046090]
Event: 2128.021 Thread 0x000001409fa340f0 nmethod 13968 0x0000014094899210 code [0x00000140948995e0, 0x000001409489b978]
Event: 2161.188 Thread 0x000001409faaa210 13971       3       org.eclipse.core.internal.dtree.DataTreeNode::storeStrings (28 bytes)
Event: 2161.192 Thread 0x000001409faaa210 nmethod 13971 0x000001408e047f10 code [0x000001408e0480e0, 0x000001408e048560]
Event: 2216.169 Thread 0x000001409faaa210 13972       3       org.eclipse.lsp4j.jsonrpc.json.adapters.MessageTypeAdapter::isNull (17 bytes)
Event: 2216.170 Thread 0x000001409faaa210 nmethod 13972 0x000001408e048690 code [0x000001408e048840, 0x000001408e048ac0]
Event: 2342.087 Thread 0x000001409fa340f0 13973       4       org.eclipse.core.internal.resources.Container::findMember (43 bytes)
Event: 2342.225 Thread 0x000001409fa340f0 nmethod 13973 0x000001409489d190 code [0x000001409489d360, 0x000001409489d520]

GC Heap History (20 events):
Event: 1368.291 GC heap before
{Heap before GC invocations=1460 (full 3):
 PSYoungGen      total 2048K, used 1813K [0x00000000d5580000, 0x00000000d5880000, 0x0000000100000000)
  eden space 1024K, 100% used [0x00000000d5580000,0x00000000d5680000,0x00000000d5680000)
  from space 1024K, 77% used [0x00000000d5780000,0x00000000d5845450,0x00000000d5880000)
  to   space 1024K, 0% used [0x00000000d5680000,0x00000000d5680000,0x00000000d5780000)
 ParOldGen       total 864768K, used 864296K [0x0000000080000000, 0x00000000b4c80000, 0x00000000d5580000)
  object space 864768K, 99% used [0x0000000080000000,0x00000000b4c0a210,0x00000000b4c80000)
 Metaspace       used 71543K, committed 73216K, reserved 1114112K
  class space    used 7657K, committed 8384K, reserved 1048576K
}
Event: 1368.297 GC heap after
{Heap after GC invocations=1460 (full 3):
 PSYoungGen      total 2048K, used 810K [0x00000000d5580000, 0x00000000d5880000, 0x0000000100000000)
  eden space 1024K, 0% used [0x00000000d5580000,0x00000000d5580000,0x00000000d5680000)
  from space 1024K, 79% used [0x00000000d5680000,0x00000000d574a848,0x00000000d5780000)
  to   space 1024K, 0% used [0x00000000d5780000,0x00000000d5780000,0x00000000d5880000)
 ParOldGen       total 865280K, used 865040K [0x0000000080000000, 0x00000000b4d00000, 0x00000000d5580000)
  object space 865280K, 99% used [0x0000000080000000,0x00000000b4cc4398,0x00000000b4d00000)
 Metaspace       used 71543K, committed 73216K, reserved 1114112K
  class space    used 7657K, committed 8384K, reserved 1048576K
}
Event: 1368.417 GC heap before
{Heap before GC invocations=1461 (full 3):
 PSYoungGen      total 2048K, used 1834K [0x00000000d5580000, 0x00000000d5880000, 0x0000000100000000)
  eden space 1024K, 100% used [0x00000000d5580000,0x00000000d5680000,0x00000000d5680000)
  from space 1024K, 79% used [0x00000000d5680000,0x00000000d574a848,0x00000000d5780000)
  to   space 1024K, 0% used [0x00000000d5780000,0x00000000d5780000,0x00000000d5880000)
 ParOldGen       total 865280K, used 865040K [0x0000000080000000, 0x00000000b4d00000, 0x00000000d5580000)
  object space 865280K, 99% used [0x0000000080000000,0x00000000b4cc4398,0x00000000b4d00000)
 Metaspace       used 71544K, committed 73216K, reserved 1114112K
  class space    used 7657K, committed 8384K, reserved 1048576K
}
Event: 1368.421 GC heap after
{Heap after GC invocations=1461 (full 3):
 PSYoungGen      total 2048K, used 861K [0x00000000d5580000, 0x00000000d5880000, 0x0000000100000000)
  eden space 1024K, 0% used [0x00000000d5580000,0x00000000d5580000,0x00000000d5680000)
  from space 1024K, 84% used [0x00000000d5780000,0x00000000d5857770,0x00000000d5880000)
  to   space 1024K, 0% used [0x00000000d5680000,0x00000000d5680000,0x00000000d5780000)
 ParOldGen       total 865792K, used 865756K [0x0000000080000000, 0x00000000b4d80000, 0x00000000d5580000)
  object space 865792K, 99% used [0x0000000080000000,0x00000000b4d77120,0x00000000b4d80000)
 Metaspace       used 71544K, committed 73216K, reserved 1114112K
  class space    used 7657K, committed 8384K, reserved 1048576K
}
Event: 1368.454 GC heap before
{Heap before GC invocations=1462 (full 3):
 PSYoungGen      total 2048K, used 1885K [0x00000000d5580000, 0x00000000d5880000, 0x0000000100000000)
  eden space 1024K, 100% used [0x00000000d5580000,0x00000000d5680000,0x00000000d5680000)
  from space 1024K, 84% used [0x00000000d5780000,0x00000000d5857770,0x00000000d5880000)
  to   space 1024K, 0% used [0x00000000d5680000,0x00000000d5680000,0x00000000d5780000)
 ParOldGen       total 865792K, used 865756K [0x0000000080000000, 0x00000000b4d80000, 0x00000000d5580000)
  object space 865792K, 99% used [0x0000000080000000,0x00000000b4d77120,0x00000000b4d80000)
 Metaspace       used 71551K, committed 73216K, reserved 1114112K
  class space    used 7657K, committed 8384K, reserved 1048576K
}
Event: 1368.458 GC heap after
{Heap after GC invocations=1462 (full 3):
 PSYoungGen      total 2048K, used 888K [0x00000000d5580000, 0x00000000d5880000, 0x0000000100000000)
  eden space 1024K, 0% used [0x00000000d5580000,0x00000000d5580000,0x00000000d5680000)
  from space 1024K, 86% used [0x00000000d5680000,0x00000000d575e388,0x00000000d5780000)
  to   space 1024K, 0% used [0x00000000d5780000,0x00000000d5780000,0x00000000d5880000)
 ParOldGen       total 866816K, used 866554K [0x0000000080000000, 0x00000000b4e80000, 0x00000000d5580000)
  object space 866816K, 99% used [0x0000000080000000,0x00000000b4e3e978,0x00000000b4e80000)
 Metaspace       used 71551K, committed 73216K, reserved 1114112K
  class space    used 7657K, committed 8384K, reserved 1048576K
}
Event: 1368.524 GC heap before
{Heap before GC invocations=1463 (full 3):
 PSYoungGen      total 2048K, used 1864K [0x00000000d5580000, 0x00000000d5880000, 0x0000000100000000)
  eden space 1024K, 95% used [0x00000000d5580000,0x00000000d5673e08,0x00000000d5680000)
  from space 1024K, 86% used [0x00000000d5680000,0x00000000d575e388,0x00000000d5780000)
  to   space 1024K, 0% used [0x00000000d5780000,0x00000000d5780000,0x00000000d5880000)
 ParOldGen       total 866816K, used 866554K [0x0000000080000000, 0x00000000b4e80000, 0x00000000d5580000)
  object space 866816K, 99% used [0x0000000080000000,0x00000000b4e3e978,0x00000000b4e80000)
 Metaspace       used 71551K, committed 73216K, reserved 1114112K
  class space    used 7657K, committed 8384K, reserved 1048576K
}
Event: 1368.528 GC heap after
{Heap after GC invocations=1463 (full 3):
 PSYoungGen      total 2048K, used 825K [0x00000000d5580000, 0x00000000d5880000, 0x0000000100000000)
  eden space 1024K, 0% used [0x00000000d5580000,0x00000000d5580000,0x00000000d5680000)
  from space 1024K, 80% used [0x00000000d5780000,0x00000000d584e448,0x00000000d5880000)
  to   space 1024K, 0% used [0x00000000d5680000,0x00000000d5680000,0x00000000d5780000)
 ParOldGen       total 867840K, used 867394K [0x0000000080000000, 0x00000000b4f80000, 0x00000000d5580000)
  object space 867840K, 99% used [0x0000000080000000,0x00000000b4f10818,0x00000000b4f80000)
 Metaspace       used 71551K, committed 73216K, reserved 1114112K
  class space    used 7657K, committed 8384K, reserved 1048576K
}
Event: 1368.599 GC heap before
{Heap before GC invocations=1464 (full 3):
 PSYoungGen      total 2048K, used 1849K [0x00000000d5580000, 0x00000000d5880000, 0x0000000100000000)
  eden space 1024K, 100% used [0x00000000d5580000,0x00000000d5680000,0x00000000d5680000)
  from space 1024K, 80% used [0x00000000d5780000,0x00000000d584e448,0x00000000d5880000)
  to   space 1024K, 0% used [0x00000000d5680000,0x00000000d5680000,0x00000000d5780000)
 ParOldGen       total 867840K, used 867394K [0x0000000080000000, 0x00000000b4f80000, 0x00000000d5580000)
  object space 867840K, 99% used [0x0000000080000000,0x00000000b4f10818,0x00000000b4f80000)
 Metaspace       used 71555K, committed 73280K, reserved 1114112K
  class space    used 7657K, committed 8384K, reserved 1048576K
}
Event: 1368.605 GC heap after
{Heap after GC invocations=1464 (full 3):
 PSYoungGen      total 2048K, used 847K [0x00000000d5580000, 0x00000000d5880000, 0x0000000100000000)
  eden space 1024K, 0% used [0x00000000d5580000,0x00000000d5580000,0x00000000d5680000)
  from space 1024K, 82% used [0x00000000d5680000,0x00000000d5753f40,0x00000000d5780000)
  to   space 1024K, 0% used [0x00000000d5780000,0x00000000d5780000,0x00000000d5880000)
 ParOldGen       total 868352K, used 868152K [0x0000000080000000, 0x00000000b5000000, 0x00000000d5580000)
  object space 868352K, 99% used [0x0000000080000000,0x00000000b4fce158,0x00000000b5000000)
 Metaspace       used 71555K, committed 73280K, reserved 1114112K
  class space    used 7657K, committed 8384K, reserved 1048576K
}
Event: 1368.713 GC heap before
{Heap before GC invocations=1465 (full 3):
 PSYoungGen      total 2048K, used 1871K [0x00000000d5580000, 0x00000000d5880000, 0x0000000100000000)
  eden space 1024K, 100% used [0x00000000d5580000,0x00000000d5680000,0x00000000d5680000)
  from space 1024K, 82% used [0x00000000d5680000,0x00000000d5753f40,0x00000000d5780000)
  to   space 1024K, 0% used [0x00000000d5780000,0x00000000d5780000,0x00000000d5880000)
 ParOldGen       total 868352K, used 868152K [0x0000000080000000, 0x00000000b5000000, 0x00000000d5580000)
  object space 868352K, 99% used [0x0000000080000000,0x00000000b4fce158,0x00000000b5000000)
 Metaspace       used 71558K, committed 73280K, reserved 1114112K
  class space    used 7657K, committed 8384K, reserved 1048576K
}
Event: 1368.721 GC heap after
{Heap after GC invocations=1465 (full 3):
 PSYoungGen      total 2048K, used 640K [0x00000000d5580000, 0x00000000d5880000, 0x0000000100000000)
  eden space 1024K, 0% used [0x00000000d5580000,0x00000000d5580000,0x00000000d5680000)
  from space 1024K, 62% used [0x00000000d5780000,0x00000000d5820000,0x00000000d5880000)
  to   space 1024K, 0% used [0x00000000d5680000,0x00000000d5680000,0x00000000d5780000)
 ParOldGen       total 869376K, used 868886K [0x0000000080000000, 0x00000000b5100000, 0x00000000d5580000)
  object space 869376K, 99% used [0x0000000080000000,0x00000000b5085b88,0x00000000b5100000)
 Metaspace       used 71558K, committed 73280K, reserved 1114112K
  class space    used 7657K, committed 8384K, reserved 1048576K
}
Event: 1369.274 GC heap before
{Heap before GC invocations=1466 (full 3):
 PSYoungGen      total 2048K, used 1664K [0x00000000d5580000, 0x00000000d5880000, 0x0000000100000000)
  eden space 1024K, 100% used [0x00000000d5580000,0x00000000d5680000,0x00000000d5680000)
  from space 1024K, 62% used [0x00000000d5780000,0x00000000d5820000,0x00000000d5880000)
  to   space 1024K, 0% used [0x00000000d5680000,0x00000000d5680000,0x00000000d5780000)
 ParOldGen       total 869376K, used 868886K [0x0000000080000000, 0x00000000b5100000, 0x00000000d5580000)
  object space 869376K, 99% used [0x0000000080000000,0x00000000b5085b88,0x00000000b5100000)
 Metaspace       used 71577K, committed 73280K, reserved 1114112K
  class space    used 7657K, committed 8384K, reserved 1048576K
}
Event: 1369.282 GC heap after
{Heap after GC invocations=1466 (full 3):
 PSYoungGen      total 2048K, used 446K [0x00000000d5580000, 0x00000000d5880000, 0x0000000100000000)
  eden space 1024K, 0% used [0x00000000d5580000,0x00000000d5580000,0x00000000d5680000)
  from space 1024K, 43% used [0x00000000d5680000,0x00000000d56ef8d0,0x00000000d5780000)
  to   space 1024K, 0% used [0x00000000d5780000,0x00000000d5780000,0x00000000d5880000)
 ParOldGen       total 869888K, used 869454K [0x0000000080000000, 0x00000000b5180000, 0x00000000d5580000)
  object space 869888K, 99% used [0x0000000080000000,0x00000000b5113b88,0x00000000b5180000)
 Metaspace       used 71577K, committed 73280K, reserved 1114112K
  class space    used 7657K, committed 8384K, reserved 1048576K
}
Event: 1399.184 GC heap before
{Heap before GC invocations=1467 (full 3):
 PSYoungGen      total 2048K, used 1470K [0x00000000d5580000, 0x00000000d5880000, 0x0000000100000000)
  eden space 1024K, 99% used [0x00000000d5580000,0x00000000d567fff0,0x00000000d5680000)
  from space 1024K, 43% used [0x00000000d5680000,0x00000000d56ef8d0,0x00000000d5780000)
  to   space 1024K, 0% used [0x00000000d5780000,0x00000000d5780000,0x00000000d5880000)
 ParOldGen       total 869888K, used 869454K [0x0000000080000000, 0x00000000b5180000, 0x00000000d5580000)
  object space 869888K, 99% used [0x0000000080000000,0x00000000b5113b88,0x00000000b5180000)
 Metaspace       used 71593K, committed 73280K, reserved 1114112K
  class space    used 7657K, committed 8384K, reserved 1048576K
}
Event: 1399.197 GC heap after
{Heap after GC invocations=1467 (full 3):
 PSYoungGen      total 1536K, used 160K [0x00000000d5580000, 0x00000000d5800000, 0x0000000100000000)
  eden space 1024K, 0% used [0x00000000d5580000,0x00000000d5580000,0x00000000d5680000)
  from space 512K, 31% used [0x00000000d5780000,0x00000000d57a8000,0x00000000d5800000)
  to   space 512K, 0% used [0x00000000d5700000,0x00000000d5700000,0x00000000d5780000)
 ParOldGen       total 869888K, used 869662K [0x0000000080000000, 0x00000000b5180000, 0x00000000d5580000)
  object space 869888K, 99% used [0x0000000080000000,0x00000000b5147b88,0x00000000b5180000)
 Metaspace       used 71593K, committed 73280K, reserved 1114112K
  class space    used 7657K, committed 8384K, reserved 1048576K
}
Event: 1605.818 GC heap before
{Heap before GC invocations=1468 (full 3):
 PSYoungGen      total 1536K, used 1184K [0x00000000d5580000, 0x00000000d5800000, 0x0000000100000000)
  eden space 1024K, 100% used [0x00000000d5580000,0x00000000d5680000,0x00000000d5680000)
  from space 512K, 31% used [0x00000000d5780000,0x00000000d57a8000,0x00000000d5800000)
  to   space 512K, 0% used [0x00000000d5700000,0x00000000d5700000,0x00000000d5780000)
 ParOldGen       total 869888K, used 869662K [0x0000000080000000, 0x00000000b5180000, 0x00000000d5580000)
  object space 869888K, 99% used [0x0000000080000000,0x00000000b5147b88,0x00000000b5180000)
 Metaspace       used 71596K, committed 73280K, reserved 1114112K
  class space    used 7657K, committed 8384K, reserved 1048576K
}
Event: 1605.824 GC heap after
{Heap after GC invocations=1468 (full 3):
 PSYoungGen      total 1536K, used 128K [0x00000000d5580000, 0x00000000d5800000, 0x0000000100000000)
  eden space 1024K, 0% used [0x00000000d5580000,0x00000000d5580000,0x00000000d5680000)
  from space 512K, 25% used [0x00000000d5700000,0x00000000d5720000,0x00000000d5780000)
  to   space 512K, 0% used [0x00000000d5780000,0x00000000d5780000,0x00000000d5800000)
 ParOldGen       total 869888K, used 869750K [0x0000000080000000, 0x00000000b5180000, 0x00000000d5580000)
  object space 869888K, 99% used [0x0000000080000000,0x00000000b515db88,0x00000000b5180000)
 Metaspace       used 71596K, committed 73280K, reserved 1114112K
  class space    used 7657K, committed 8384K, reserved 1048576K
}
Event: 2342.090 GC heap before
{Heap before GC invocations=1469 (full 3):
 PSYoungGen      total 1536K, used 1152K [0x00000000d5580000, 0x00000000d5800000, 0x0000000100000000)
  eden space 1024K, 100% used [0x00000000d5580000,0x00000000d5680000,0x00000000d5680000)
  from space 512K, 25% used [0x00000000d5700000,0x00000000d5720000,0x00000000d5780000)
  to   space 512K, 0% used [0x00000000d5780000,0x00000000d5780000,0x00000000d5800000)
 ParOldGen       total 869888K, used 869750K [0x0000000080000000, 0x00000000b5180000, 0x00000000d5580000)
  object space 869888K, 99% used [0x0000000080000000,0x00000000b515db88,0x00000000b5180000)
 Metaspace       used 71601K, committed 73280K, reserved 1114112K
  class space    used 7657K, committed 8384K, reserved 1048576K
}
Event: 2342.201 GC heap after
{Heap after GC invocations=1469 (full 3):
 PSYoungGen      total 1536K, used 96K [0x00000000d5580000, 0x00000000d5800000, 0x0000000100000000)
  eden space 1024K, 0% used [0x00000000d5580000,0x00000000d5580000,0x00000000d5680000)
  from space 512K, 18% used [0x00000000d5780000,0x00000000d5798000,0x00000000d5800000)
  to   space 512K, 0% used [0x00000000d5700000,0x00000000d5700000,0x00000000d5780000)
 ParOldGen       total 869888K, used 869798K [0x0000000080000000, 0x00000000b5180000, 0x00000000d5580000)
  object space 869888K, 99% used [0x0000000080000000,0x00000000b5169b88,0x00000000b5180000)
 Metaspace       used 71601K, committed 73280K, reserved 1114112K
  class space    used 7657K, committed 8384K, reserved 1048576K
}

Dll operation events (14 events):
Event: 0.028 Loaded shared library c:\Users\LENOVO\.vscode\extensions\redhat.java-1.54.0-win32-x64\jre\21.0.10-win32-x86_64\bin\java.dll
Event: 0.491 Loaded shared library c:\Users\LENOVO\.vscode\extensions\redhat.java-1.54.0-win32-x64\jre\21.0.10-win32-x86_64\bin\zip.dll
Event: 0.748 Loaded shared library C:\Users\LENOVO\.vscode\extensions\redhat.java-1.54.0-win32-x64\jre\21.0.10-win32-x86_64\bin\instrument.dll
Event: 0.761 Loaded shared library C:\Users\LENOVO\.vscode\extensions\redhat.java-1.54.0-win32-x64\jre\21.0.10-win32-x86_64\bin\net.dll
Event: 0.765 Loaded shared library C:\Users\LENOVO\.vscode\extensions\redhat.java-1.54.0-win32-x64\jre\21.0.10-win32-x86_64\bin\nio.dll
Event: 0.770 Loaded shared library C:\Users\LENOVO\.vscode\extensions\redhat.java-1.54.0-win32-x64\jre\21.0.10-win32-x86_64\bin\zip.dll
Event: 0.835 Loaded shared library C:\Users\LENOVO\.vscode\extensions\redhat.java-1.54.0-win32-x64\jre\21.0.10-win32-x86_64\bin\jimage.dll
Event: 1.133 Loaded shared library c:\Users\LENOVO\.vscode\extensions\redhat.java-1.54.0-win32-x64\jre\21.0.10-win32-x86_64\bin\verify.dll
Event: 26.302 Loaded shared library C:\Users\LENOVO\AppData\Roaming\Code\User\globalStorage\redhat.java\1.54.0\config_win\org.eclipse.equinox.launcher\org.eclipse.equinox.launcher.win32.win32.x86_64_1.3.0.v20260203-2149\eclipse_11919.dll
Event: 60.560 Loaded shared library C:\Users\LENOVO\.vscode\extensions\redhat.java-1.54.0-win32-x64\jre\21.0.10-win32-x86_64\bin\management.dll
Event: 60.584 Loaded shared library C:\Users\LENOVO\.vscode\extensions\redhat.java-1.54.0-win32-x64\jre\21.0.10-win32-x86_64\bin\management_ext.dll
Event: 68.593 Loaded shared library C:\Users\LENOVO\AppData\Local\Temp\jna--2053026509\jna8671196700814302782.dll
Event: 69.121 Loaded shared library C:\Users\LENOVO\.vscode\extensions\redhat.java-1.54.0-win32-x64\jre\21.0.10-win32-x86_64\bin\sunmscapi.dll
Event: 71.135 Loaded shared library C:\Users\LENOVO\.vscode\extensions\redhat.java-1.54.0-win32-x64\jre\21.0.10-win32-x86_64\bin\extnet.dll

Deoptimization events (20 events):
Event: 1367.747 Thread 0x00000140e8ebd050 DEOPT PACKING pc=0x00000140946402dc sp=0x00000030bf2fe9d0
Event: 1367.747 Thread 0x00000140e8ebd050 DEOPT UNPACKING pc=0x00000140937d3aa2 sp=0x00000030bf2fe950 mode 2
Event: 1367.747 Thread 0x00000140e8ebd050 Uncommon trap: trap_request=0xffffff45 fr.pc=0x000001409466e820 relative=0x0000000000000640
Event: 1367.747 Thread 0x00000140e8ebd050 Uncommon trap: reason=unstable_if action=reinterpret pc=0x000001409466e820 method=org.eclipse.jdt.core.Signature.encodeQualifiedName([CIILjava/lang/StringBuilder;)I @ 16 c2
Event: 1367.747 Thread 0x00000140e8ebd050 DEOPT PACKING pc=0x000001409466e820 sp=0x00000030bf2fe980
Event: 1367.747 Thread 0x00000140e8ebd050 DEOPT UNPACKING pc=0x00000140937d3aa2 sp=0x00000030bf2fe930 mode 2
Event: 1367.758 Thread 0x00000140e8ebd050 Uncommon trap: trap_request=0xffffff45 fr.pc=0x00000140947d2958 relative=0x00000000000003f8
Event: 1367.758 Thread 0x00000140e8ebd050 Uncommon trap: reason=unstable_if action=reinterpret pc=0x00000140947d2958 method=org.eclipse.jdt.internal.core.index.Index.query([[C[CI)[Lorg/eclipse/jdt/internal/core/index/EntryResult; @ 68 c2
Event: 1367.758 Thread 0x00000140e8ebd050 DEOPT PACKING pc=0x00000140947d2958 sp=0x00000030bf2fe160
Event: 1367.759 Thread 0x00000140e8ebd050 DEOPT UNPACKING pc=0x00000140937d3aa2 sp=0x00000030bf2fe0c8 mode 2
Event: 1367.759 Thread 0x00000140e8ebd050 Uncommon trap: trap_request=0xffffff45 fr.pc=0x00000140948047b0 relative=0x00000000000011b0
Event: 1367.759 Thread 0x00000140e8ebd050 Uncommon trap: reason=unstable_if action=reinterpret pc=0x00000140948047b0 method=org.eclipse.jdt.internal.core.index.DiskIndex.addQueryResults([[C[CILorg/eclipse/jdt/internal/core/index/MemoryIndex;)Lorg/eclipse/jdt/internal/compiler/util/HashtableOfObje
Event: 1367.760 Thread 0x00000140e8ebd050 DEOPT PACKING pc=0x00000140948047b0 sp=0x00000030bf2fe030
Event: 1367.760 Thread 0x00000140e8ebd050 DEOPT UNPACKING pc=0x00000140937d3aa2 sp=0x00000030bf2fdfd8 mode 2
Event: 1367.764 Thread 0x00000140e8ebd050 Uncommon trap: trap_request=0xffffff45 fr.pc=0x00000140947ca050 relative=0x0000000000000130
Event: 1367.764 Thread 0x00000140e8ebd050 Uncommon trap: reason=unstable_if action=reinterpret pc=0x00000140947ca050 method=org.eclipse.jdt.internal.core.index.EntryResult.<init>([CLjava/lang/Object;)V @ 10 c2
Event: 1367.764 Thread 0x00000140e8ebd050 DEOPT PACKING pc=0x00000140947ca050 sp=0x00000030bf2fdef0
Event: 1367.764 Thread 0x00000140e8ebd050 DEOPT UNPACKING pc=0x00000140937d3aa2 sp=0x00000030bf2fde90 mode 2
Event: 2216.175 Thread 0x00000140e6713a10 DEOPT PACKING pc=0x000001408df065c1 sp=0x00000030c04fe6f0
Event: 2216.176 Thread 0x00000140e6713a10 DEOPT UNPACKING pc=0x00000140937d4242 sp=0x00000030c04fdbd0 mode 0

Classes loaded (20 events):
Event: 142.579 Loading class jdk/internal/module/IllegalAccessLogger
Event: 142.579 Loading class jdk/internal/module/IllegalAccessLogger done
Event: 144.917 Loading class jdk/internal/module/IllegalAccessLogger
Event: 144.917 Loading class jdk/internal/module/IllegalAccessLogger done
Event: 1097.602 Loading class java/io/SequenceInputStream
Event: 1097.610 Loading class java/io/SequenceInputStream done
Event: 1097.872 Loading class org/xml/sax/SAXNotRecognizedException
Event: 1097.874 Loading class org/xml/sax/SAXNotRecognizedException done
Event: 1097.875 Loading class org/xml/sax/SAXNotSupportedException
Event: 1097.878 Loading class org/xml/sax/SAXNotSupportedException done
Event: 1097.915 Loading class com/sun/org/apache/xerces/internal/util/URI
Event: 1097.930 Loading class com/sun/org/apache/xerces/internal/util/URI done
Event: 1098.024 Loading class com/sun/org/apache/xerces/internal/xni/XNIException
Event: 1098.026 Loading class com/sun/org/apache/xerces/internal/xni/XNIException done
Event: 1098.278 Loading class com/sun/org/apache/xerces/internal/xni/parser/XMLParseException
Event: 1098.280 Loading class com/sun/org/apache/xerces/internal/xni/parser/XMLParseException done
Event: 1103.573 Loading class java/nio/BufferMismatch
Event: 1103.576 Loading class java/nio/BufferMismatch done
Event: 1187.387 Loading class jdk/internal/module/IllegalAccessLogger
Event: 1187.387 Loading class jdk/internal/module/IllegalAccessLogger done

Classes unloaded (9 events):
Event: 63.075 Thread 0x0000014089100c20 Unloading class 0x00000140a11a2800 'java/lang/invoke/LambdaForm$MH+0x00000140a11a2800'
Event: 63.075 Thread 0x0000014089100c20 Unloading class 0x00000140a11a2400 'java/lang/invoke/LambdaForm$MH+0x00000140a11a2400'
Event: 63.075 Thread 0x0000014089100c20 Unloading class 0x00000140a11a2000 'java/lang/invoke/LambdaForm$MH+0x00000140a11a2000'
Event: 63.075 Thread 0x0000014089100c20 Unloading class 0x00000140a11a1c00 'java/lang/invoke/LambdaForm$MH+0x00000140a11a1c00'
Event: 63.075 Thread 0x0000014089100c20 Unloading class 0x00000140a11a1800 'java/lang/invoke/LambdaForm$BMH+0x00000140a11a1800'
Event: 63.075 Thread 0x0000014089100c20 Unloading class 0x00000140a11a1400 'java/lang/invoke/LambdaForm$DMH+0x00000140a11a1400'
Event: 63.075 Thread 0x0000014089100c20 Unloading class 0x00000140a11a0000 'java/lang/invoke/LambdaForm$DMH+0x00000140a11a0000'
Event: 69.143 Thread 0x0000014089100c20 Unloading class 0x00000140a12c4000 'java/lang/invoke/LambdaForm$MH+0x00000140a12c4000'
Event: 106.897 Thread 0x0000014089100c20 Unloading class 0x00000140a1640800 'java/lang/invoke/LambdaForm$DMH+0x00000140a1640800'

Classes redefined (0 events):
No events

Internal exceptions (20 events):
Event: 200.757 Thread 0x00000140e6ba47e0 Exception <a 'sun/nio/fs/WindowsException'{0x00000000d5730070}> (0x00000000d5730070) 
thrown [s\src\hotspot\share\prims\jni.cpp, line 520]
Event: 201.264 Thread 0x00000140e6ba47e0 Exception <a 'sun/nio/fs/WindowsException'{0x00000000d574bcc8}> (0x00000000d574bcc8) 
thrown [s\src\hotspot\share\prims\jni.cpp, line 520]
Event: 201.373 Thread 0x00000140e6ba47e0 Exception <a 'sun/nio/fs/WindowsException'{0x00000000d56a8170}> (0x00000000d56a8170) 
thrown [s\src\hotspot\share\prims\jni.cpp, line 520]
Event: 201.456 Thread 0x00000140e6ba47e0 Exception <a 'sun/nio/fs/WindowsException'{0x00000000d55f1718}> (0x00000000d55f1718) 
thrown [s\src\hotspot\share\prims\jni.cpp, line 520]
Event: 201.684 Thread 0x00000140e6ba47e0 Exception <a 'sun/nio/fs/WindowsException'{0x00000000d571c338}> (0x00000000d571c338) 
thrown [s\src\hotspot\share\prims\jni.cpp, line 520]
Event: 201.762 Thread 0x00000140e6ba47e0 Exception <a 'sun/nio/fs/WindowsException'{0x00000000d570ea78}> (0x00000000d570ea78) 
thrown [s\src\hotspot\share\prims\jni.cpp, line 520]
Event: 205.101 Thread 0x00000140e8ebd050 Exception <a 'sun/nio/fs/WindowsException'{0x00000000d559a6b0}> (0x00000000d559a6b0) 
thrown [s\src\hotspot\share\prims\jni.cpp, line 520]
Event: 205.101 Thread 0x00000140e8ebd050 Exception <a 'sun/nio/fs/WindowsException'{0x00000000d559ace0}> (0x00000000d559ace0) 
thrown [s\src\hotspot\share\prims\jni.cpp, line 520]
Event: 205.111 Thread 0x00000140e8ebd050 Exception <a 'sun/nio/fs/WindowsException'{0x00000000d55cc1b8}> (0x00000000d55cc1b8) 
thrown [s\src\hotspot\share\prims\jni.cpp, line 520]
Event: 205.111 Thread 0x00000140e8ebd050 Exception <a 'sun/nio/fs/WindowsException'{0x00000000d55cd8b8}> (0x00000000d55cd8b8) 
thrown [s\src\hotspot\share\prims\jni.cpp, line 520]
Event: 429.062 Thread 0x00000140e6ba3430 Exception <a 'sun/nio/fs/WindowsException'{0x00000000d5663fa0}> (0x00000000d5663fa0) 
thrown [s\src\hotspot\share\prims\jni.cpp, line 520]
Event: 429.062 Thread 0x00000140e6ba3430 Exception <a 'sun/nio/fs/WindowsException'{0x00000000d5664ae8}> (0x00000000d5664ae8) 
thrown [s\src\hotspot\share\prims\jni.cpp, line 520]
Event: 1094.278 Thread 0x00000140e6713a10 Implicit null exception at 0x000001409478788d to 0x0000014094787bf0
Event: 1096.454 Thread 0x00000140e6713a10 Exception <a 'java/lang/NoSuchMethodError'{0x00000000d55ae258}: 'java.lang.Object java.lang.invoke.DirectMethodHandle$Holder.invokeStatic(java.lang.Object, java.lang.Object, int, java.lang.Object)'> (0x00000000d55ae258) 
thrown [s\src\hotspot\share\interpreter\linkResolver.cpp, line 773]
Event: 1185.330 Thread 0x00000140e6ba47e0 Implicit null exception at 0x0000014094722602 to 0x0000014094724a74
Event: 1205.950 Thread 0x00000140e6713a10 Implicit null exception at 0x000001409478b466 to 0x000001409478b890
Event: 1211.616 Thread 0x00000140e6ba47e0 Exception <a 'sun/nio/fs/WindowsException'{0x00000000d55850c0}> (0x00000000d55850c0) 
thrown [s\src\hotspot\share\prims\jni.cpp, line 520]
Event: 1308.663 Thread 0x00000140e670eb50 Exception <a 'java/lang/IncompatibleClassChangeError'{0x00000000d55968a8}: Found class java.lang.Object, but interface was expected> (0x00000000d55968a8) 
thrown [s\src\hotspot\share\interpreter\linkResolver.cpp, line 840]
Event: 1398.982 Thread 0x00000140e8ebaf80 Exception <a 'sun/nio/fs/WindowsException'{0x00000000d562a1c8}> (0x00000000d562a1c8) 
thrown [s\src\hotspot\share\prims\jni.cpp, line 520]
Event: 1398.983 Thread 0x00000140e8ebaf80 Exception <a 'sun/nio/fs/WindowsException'{0x00000000d562ad60}> (0x00000000d562ad60) 
thrown [s\src\hotspot\share\prims\jni.cpp, line 520]

ZGC Phase Switch (0 events):
No events

VM Operations (20 events):
Event: 1605.818 Executing safepoint VM operation: ParallelGCFailedAllocation (Allocation Failure)
Event: 1605.824 Executing safepoint VM operation: ParallelGCFailedAllocation (Allocation Failure) done
Event: 1620.973 Executing safepoint VM operation: Cleanup
Event: 1620.973 Executing safepoint VM operation: Cleanup done
Event: 2161.229 Executing safepoint VM operation: Cleanup
Event: 2161.231 Executing safepoint VM operation: Cleanup done
Event: 2168.095 Executing non-safepoint VM operation: HandshakeAllThreads (HandshakeForDeflation)
Event: 2168.095 Executing non-safepoint VM operation: HandshakeAllThreads (HandshakeForDeflation) done
Event: 2168.095 Executing non-safepoint VM operation: RendezvousGCThreads
Event: 2168.095 Executing non-safepoint VM operation: RendezvousGCThreads done
Event: 2228.285 Executing non-safepoint VM operation: HandshakeAllThreads (HandshakeForDeflation)
Event: 2228.285 Executing non-safepoint VM operation: HandshakeAllThreads (HandshakeForDeflation) done
Event: 2228.285 Executing non-safepoint VM operation: RendezvousGCThreads
Event: 2228.285 Executing non-safepoint VM operation: RendezvousGCThreads done
Event: 2288.461 Executing non-safepoint VM operation: HandshakeAllThreads (HandshakeForDeflation)
Event: 2288.461 Executing non-safepoint VM operation: HandshakeAllThreads (HandshakeForDeflation) done
Event: 2288.462 Executing non-safepoint VM operation: RendezvousGCThreads
Event: 2288.464 Executing non-safepoint VM operation: RendezvousGCThreads done
Event: 2342.089 Executing safepoint VM operation: ParallelGCFailedAllocation (Allocation Failure)
Event: 2342.201 Executing safepoint VM operation: ParallelGCFailedAllocation (Allocation Failure) done

Memory protections (0 events):
No events

Nmethod flushes (20 events):
Event: 106.930 Thread 0x0000014089100c20 flushing  nmethod 0x000001408cb78090
Event: 106.930 Thread 0x0000014089100c20 flushing  nmethod 0x000001408cbbb790
Event: 106.930 Thread 0x0000014089100c20 flushing  nmethod 0x000001408cbd4d10
Event: 106.930 Thread 0x0000014089100c20 flushing  nmethod 0x000001408cbe0690
Event: 106.930 Thread 0x0000014089100c20 flushing  nmethod 0x000001408cbe2990
Event: 106.930 Thread 0x0000014089100c20 flushing  nmethod 0x000001408cbe3110
Event: 106.930 Thread 0x0000014089100c20 flushing  nmethod 0x000001408cbe4110
Event: 106.930 Thread 0x0000014089100c20 flushing  nmethod 0x000001408cbe4f10
Event: 106.930 Thread 0x0000014089100c20 flushing  nmethod 0x000001408cbef190
Event: 106.930 Thread 0x0000014089100c20 flushing  nmethod 0x000001408cbef890
Event: 106.930 Thread 0x0000014089100c20 flushing  nmethod 0x000001408cbf1110
Event: 106.930 Thread 0x0000014089100c20 flushing  nmethod 0x000001408cbf1990
Event: 106.930 Thread 0x0000014089100c20 flushing  nmethod 0x000001408cbf1f90
Event: 106.930 Thread 0x0000014089100c20 flushing  nmethod 0x000001408cbf2310
Event: 106.930 Thread 0x0000014089100c20 flushing  nmethod 0x000001408cbf5210
Event: 106.930 Thread 0x0000014089100c20 flushing  nmethod 0x000001408cbfe290
Event: 106.930 Thread 0x0000014089100c20 flushing  nmethod 0x000001408cc04590
Event: 106.930 Thread 0x0000014089100c20 flushing  nmethod 0x000001408cc51f10
Event: 106.930 Thread 0x0000014089100c20 flushing  nmethod 0x000001408cc55710
Event: 106.930 Thread 0x0000014089100c20 flushing  nmethod 0x000001408cc77710

Events (20 events):
Event: 1164.241 Thread 0x00000140e8ec1880 Thread exited: 0x00000140e8ec1880
Event: 1164.345 Thread 0x00000140e6ba3ac0 Thread exited: 0x00000140e6ba3ac0
Event: 1171.536 Thread 0x00000140e6ba3430 Thread added: 0x00000140e8ebd050
Event: 1179.397 Thread 0x00000140e8ebd050 Thread added: 0x00000140e8ec1880
Event: 1186.883 Thread 0x00000140e6ba3430 Thread added: 0x00000140e8ebc9c0
Event: 1187.390 Thread 0x00000140e6ba3430 Thread added: 0x00000140e8ebdd70
Event: 1188.333 Thread 0x00000140e8ec1880 Thread added: 0x00000140e8ebaf80
Event: 1247.444 Thread 0x00000140e8ebdd70 Thread exited: 0x00000140e8ebdd70
Event: 1261.016 Thread 0x00000140e8ec1880 Thread exited: 0x00000140e8ec1880
Event: 1261.017 Thread 0x00000140e6ba3430 Thread exited: 0x00000140e6ba3430
Event: 1261.017 Thread 0x00000140e8ebd050 Thread exited: 0x00000140e8ebd050
Event: 1367.188 Thread 0x00000140e670eb50 Thread added: 0x00000140e8ebd050
Event: 1367.756 Thread 0x00000140e8ebd050 Thread added: 0x00000140e8ebf120
Event: 1398.944 Thread 0x00000140e8ebaf80 Thread added: 0x00000140e8ebf7b0
Event: 1398.952 Thread 0x00000140e8ebf7b0 Thread exited: 0x00000140e8ebf7b0
Event: 1398.986 Thread 0x00000140e8ebaf80 Thread added: 0x00000140e8ec1880
Event: 1398.987 Thread 0x00000140e8ec1880 Thread exited: 0x00000140e8ec1880
Event: 1429.479 Thread 0x00000140e8ebd050 Thread exited: 0x00000140e8ebd050
Event: 1486.951 Thread 0x00000140e8ebc9c0 Thread exited: 0x00000140e8ebc9c0
Event: 1489.488 Thread 0x00000140e8ebf120 Thread exited: 0x00000140e8ebf120


Dynamic libraries:
0x00007ff653410000 - 0x00007ff65341e000 	c:\Users\LENOVO\.vscode\extensions\redhat.java-1.54.0-win32-x64\jre\21.0.10-win32-x86_64\bin\java.exe
0x00007ffc775d0000 - 0x00007ffc777c8000 	C:\WINDOWS\SYSTEM32\ntdll.dll
0x00007ffc762a0000 - 0x00007ffc76362000 	C:\WINDOWS\System32\KERNEL32.DLL
0x00007ffc74c60000 - 0x00007ffc74f56000 	C:\WINDOWS\System32\KERNELBASE.dll
0x00007ffc74f90000 - 0x00007ffc75090000 	C:\WINDOWS\System32\ucrtbase.dll
0x00007ffc49310000 - 0x00007ffc4932e000 	c:\Users\LENOVO\.vscode\extensions\redhat.java-1.54.0-win32-x64\jre\21.0.10-win32-x86_64\bin\VCRUNTIME140.dll
0x00007ffc48ca0000 - 0x00007ffc48cb8000 	c:\Users\LENOVO\.vscode\extensions\redhat.java-1.54.0-win32-x64\jre\21.0.10-win32-x86_64\bin\jli.dll
0x00007ffc76d20000 - 0x00007ffc76ec1000 	C:\WINDOWS\System32\USER32.dll
0x00007ffc75540000 - 0x00007ffc75562000 	C:\WINDOWS\System32\win32u.dll
0x00007ffc77080000 - 0x00007ffc770ab000 	C:\WINDOWS\System32\GDI32.dll
0x00007ffc75420000 - 0x00007ffc75539000 	C:\WINDOWS\System32\gdi32full.dll
0x00007ffc75090000 - 0x00007ffc7512d000 	C:\WINDOWS\System32\msvcp_win.dll
0x00007ffc62750000 - 0x00007ffc629eb000 	C:\WINDOWS\WinSxS\amd64_microsoft.windows.common-controls_6595b64144ccf1df_6.0.19041.6456_none_60b8a6cb71f64256\COMCTL32.dll
0x00007ffc755f0000 - 0x00007ffc7568e000 	C:\WINDOWS\System32\msvcrt.dll
0x00007ffc76210000 - 0x00007ffc7623f000 	C:\WINDOWS\System32\IMM32.DLL
0x00007ffc5d030000 - 0x00007ffc5d03c000 	c:\Users\LENOVO\.vscode\extensions\redhat.java-1.54.0-win32-x64\jre\21.0.10-win32-x86_64\bin\vcruntime140_1.dll
0x00007ffc44e00000 - 0x00007ffc44e8d000 	c:\Users\LENOVO\.vscode\extensions\redhat.java-1.54.0-win32-x64\jre\21.0.10-win32-x86_64\bin\msvcp140.dll
0x00007ffbe1050000 - 0x00007ffbe1df1000 	c:\Users\LENOVO\.vscode\extensions\redhat.java-1.54.0-win32-x64\jre\21.0.10-win32-x86_64\bin\server\jvm.dll
0x00007ffc763d0000 - 0x00007ffc76481000 	C:\WINDOWS\System32\ADVAPI32.dll
0x00007ffc76ed0000 - 0x00007ffc76f6f000 	C:\WINDOWS\System32\sechost.dll
0x00007ffc760f0000 - 0x00007ffc76210000 	C:\WINDOWS\System32\RPCRT4.dll
0x00007ffc74f60000 - 0x00007ffc74f87000 	C:\WINDOWS\System32\bcrypt.dll
0x00007ffc77520000 - 0x00007ffc7758b000 	C:\WINDOWS\System32\WS2_32.dll
0x00007ffc74160000 - 0x00007ffc741ab000 	C:\WINDOWS\SYSTEM32\POWRPROF.dll
0x00007ffc6e7b0000 - 0x00007ffc6e7d7000 	C:\WINDOWS\SYSTEM32\WINMM.dll
0x00007ffc6d720000 - 0x00007ffc6d72a000 	C:\WINDOWS\SYSTEM32\VERSION.dll
0x00007ffc74020000 - 0x00007ffc74032000 	C:\WINDOWS\SYSTEM32\UMPDC.dll
0x00007ffc73460000 - 0x00007ffc73472000 	C:\WINDOWS\SYSTEM32\kernel.appcore.dll
0x00007ffc5af20000 - 0x00007ffc5af2a000 	c:\Users\LENOVO\.vscode\extensions\redhat.java-1.54.0-win32-x64\jre\21.0.10-win32-x86_64\bin\jimage.dll
0x00007ffc71920000 - 0x00007ffc71b21000 	C:\WINDOWS\SYSTEM32\DBGHELP.DLL
0x00007ffc68580000 - 0x00007ffc685b4000 	C:\WINDOWS\SYSTEM32\dbgcore.DLL
0x00007ffc75180000 - 0x00007ffc75202000 	C:\WINDOWS\System32\bcryptPrimitives.dll
0x00007ffc5ae80000 - 0x00007ffc5ae8f000 	c:\Users\LENOVO\.vscode\extensions\redhat.java-1.54.0-win32-x64\jre\21.0.10-win32-x86_64\bin\instrument.dll
0x00007ffc45d00000 - 0x00007ffc45d20000 	c:\Users\LENOVO\.vscode\extensions\redhat.java-1.54.0-win32-x64\jre\21.0.10-win32-x86_64\bin\java.dll
0x00007ffc75880000 - 0x00007ffc75ff0000 	C:\WINDOWS\System32\SHELL32.dll
0x00007ffc72c70000 - 0x00007ffc73415000 	C:\WINDOWS\SYSTEM32\windows.storage.dll
0x00007ffc76570000 - 0x00007ffc768c4000 	C:\WINDOWS\System32\combase.dll
0x00007ffc745b0000 - 0x00007ffc745db000 	C:\WINDOWS\SYSTEM32\Wldp.dll
0x00007ffc764a0000 - 0x00007ffc7656d000 	C:\WINDOWS\System32\OLEAUT32.dll
0x00007ffc757d0000 - 0x00007ffc7587d000 	C:\WINDOWS\System32\SHCORE.dll
0x00007ffc76240000 - 0x00007ffc7629b000 	C:\WINDOWS\System32\shlwapi.dll
0x00007ffc74b90000 - 0x00007ffc74bb4000 	C:\WINDOWS\SYSTEM32\profapi.dll
0x00007ffc45ce0000 - 0x00007ffc45cf8000 	c:\Users\LENOVO\.vscode\extensions\redhat.java-1.54.0-win32-x64\jre\21.0.10-win32-x86_64\bin\zip.dll
0x00007ffc49370000 - 0x00007ffc49380000 	C:\Users\LENOVO\.vscode\extensions\redhat.java-1.54.0-win32-x64\jre\21.0.10-win32-x86_64\bin\net.dll
0x00007ffc6a280000 - 0x00007ffc6a38a000 	C:\WINDOWS\SYSTEM32\WINHTTP.dll
0x00007ffc74390000 - 0x00007ffc743fa000 	C:\WINDOWS\system32\mswsock.dll
0x00007ffc45260000 - 0x00007ffc45276000 	C:\Users\LENOVO\.vscode\extensions\redhat.java-1.54.0-win32-x64\jre\21.0.10-win32-x86_64\bin\nio.dll
0x00007ffc4de30000 - 0x00007ffc4de40000 	c:\Users\LENOVO\.vscode\extensions\redhat.java-1.54.0-win32-x64\jre\21.0.10-win32-x86_64\bin\verify.dll
0x00007ffc493d0000 - 0x00007ffc49415000 	C:\Users\LENOVO\AppData\Roaming\Code\User\globalStorage\redhat.java\1.54.0\config_win\org.eclipse.equinox.launcher\org.eclipse.equinox.launcher.win32.win32.x86_64_1.3.0.v20260203-2149\eclipse_11919.dll
0x00007ffc76a40000 - 0x00007ffc76b6b000 	C:\WINDOWS\System32\ole32.dll
0x00007ffc70dd0000 - 0x00007ffc70dda000 	C:\Users\LENOVO\.vscode\extensions\redhat.java-1.54.0-win32-x64\jre\21.0.10-win32-x86_64\bin\management.dll
0x00007ffc70dc0000 - 0x00007ffc70dcc000 	C:\Users\LENOVO\.vscode\extensions\redhat.java-1.54.0-win32-x64\jre\21.0.10-win32-x86_64\bin\management_ext.dll
0x00007ffc76490000 - 0x00007ffc76498000 	C:\WINDOWS\System32\PSAPI.DLL
0x00007ffc745f0000 - 0x00007ffc74608000 	C:\WINDOWS\SYSTEM32\CRYPTSP.dll
0x00007ffc73c60000 - 0x00007ffc73c98000 	C:\WINDOWS\system32\rsaenh.dll
0x00007ffc74b50000 - 0x00007ffc74b7e000 	C:\WINDOWS\SYSTEM32\USERENV.dll
0x00007ffc74520000 - 0x00007ffc7452c000 	C:\WINDOWS\SYSTEM32\CRYPTBASE.dll
0x00007ffc74040000 - 0x00007ffc7407b000 	C:\WINDOWS\SYSTEM32\IPHLPAPI.DLL
0x00007ffc757c0000 - 0x00007ffc757c8000 	C:\WINDOWS\System32\NSI.dll
0x00007ffc34ca0000 - 0x00007ffc34ce9000 	C:\Users\LENOVO\AppData\Local\Temp\jna--2053026509\jna8671196700814302782.dll
0x00007ffc6b640000 - 0x00007ffc6b657000 	C:\WINDOWS\SYSTEM32\dhcpcsvc6.DLL
0x00007ffc6b620000 - 0x00007ffc6b63d000 	C:\WINDOWS\SYSTEM32\dhcpcsvc.DLL
0x00007ffc4dd40000 - 0x00007ffc4dd4e000 	C:\Users\LENOVO\.vscode\extensions\redhat.java-1.54.0-win32-x64\jre\21.0.10-win32-x86_64\bin\sunmscapi.dll
0x00007ffc752c0000 - 0x00007ffc7541d000 	C:\WINDOWS\System32\CRYPT32.dll
0x00007ffc74700000 - 0x00007ffc74727000 	C:\WINDOWS\SYSTEM32\ncrypt.dll
0x00007ffc746c0000 - 0x00007ffc746fb000 	C:\WINDOWS\SYSTEM32\NTASN1.dll
0x00007ffc74090000 - 0x00007ffc7415a000 	C:\WINDOWS\SYSTEM32\DNSAPI.dll
0x00007ffc6c420000 - 0x00007ffc6c42a000 	C:\Windows\System32\rasadhlp.dll
0x00007ffc69580000 - 0x00007ffc69600000 	C:\WINDOWS\System32\fwpuclnt.dll
0x00007ffc492c0000 - 0x00007ffc492c9000 	C:\Users\LENOVO\.vscode\extensions\redhat.java-1.54.0-win32-x64\jre\21.0.10-win32-x86_64\bin\extnet.dll

JVMTI agents:
c:\Users\LENOVO\.vscode\extensions\redhat.java-1.54.0-win32-x64\lombok\lombok-1.18.39-4050.jar path:c:\Users\LENOVO\.vscode\extensions\redhat.java-1.54.0-win32-x64\jre\21.0.10-win32-x86_64\bin\instrument.dll, loaded, initialized, instrumentlib options:none

dbghelp: loaded successfully - version: 4.0.5 - missing functions: none
symbol engine: initialized successfully - sym options: 0x614 - pdb path: .;c:\Users\LENOVO\.vscode\extensions\redhat.java-1.54.0-win32-x64\jre\21.0.10-win32-x86_64\bin;C:\WINDOWS\SYSTEM32;C:\WINDOWS\WinSxS\amd64_microsoft.windows.common-controls_6595b64144ccf1df_6.0.19041.6456_none_60b8a6cb71f64256;c:\Users\LENOVO\.vscode\extensions\redhat.java-1.54.0-win32-x64\jre\21.0.10-win32-x86_64\bin\server;C:\Users\LENOVO\AppData\Roaming\Code\User\globalStorage\redhat.java\1.54.0\config_win\org.eclipse.equinox.launcher\org.eclipse.equinox.launcher.win32.win32.x86_64_1.3.0.v20260203-2149;C:\Users\LENOVO\AppData\Local\Temp\jna--2053026509

VM Arguments:
jvm_args: --add-modules=ALL-SYSTEM --add-opens=java.base/java.util=ALL-UNNAMED --add-opens=java.base/java.lang=ALL-UNNAMED --add-opens=java.base/sun.nio.fs=ALL-UNNAMED -Declipse.application=org.eclipse.jdt.ls.core.id1 -Dosgi.bundles.defaultStartLevel=4 -Declipse.product=org.eclipse.jdt.ls.core.product -Djava.import.generatesMetadataFilesAtProjectRoot=false -DDetectVMInstallationsJob.disabled=true -Dfile.encoding=utf8 -XX:+UseParallelGC -XX:GCTimeRatio=4 -XX:AdaptiveSizePolicyWeight=90 -Dsun.zip.disableMemoryMapping=true -Xmx2G -Xms100m -Xlog:disable -javaagent:c:\Users\LENOVO\.vscode\extensions\redhat.java-1.54.0-win32-x64\lombok\lombok-1.18.39-4050.jar -XX:+HeapDumpOnOutOfMemoryError -XX:HeapDumpPath=c:\Users\LENOVO\AppData\Roaming\Code\User\workspaceStorage\f2823ae95278813818fe3b79dc4daa3b\redhat.java -Daether.dependencyCollector.impl=bf 
java_command: c:\Users\LENOVO\.vscode\extensions\redhat.java-1.54.0-win32-x64\server\plugins\org.eclipse.equinox.launcher_1.7.100.v20251111-0406.jar -configuration c:\Users\LENOVO\AppData\Roaming\Code\User\globalStorage\redhat.java\1.54.0\config_win -data c:\Users\LENOVO\AppData\Roaming\Code\User\workspaceStorage\f2823ae95278813818fe3b79dc4daa3b\redhat.java\jdt_ws --pipe=\\.\pipe\lsp-89ca087b5b0cfa9662626dcfa962461b-sock
java_class_path (initial): c:\Users\LENOVO\.vscode\extensions\redhat.java-1.54.0-win32-x64\server\plugins\org.eclipse.equinox.launcher_1.7.100.v20251111-0406.jar
Launcher Type: SUN_STANDARD

[Global flags]
    uintx AdaptiveSizePolicyWeight                 = 90                                        {product} {command line}
     intx CICompilerCount                          = 3                                         {product} {ergonomic}
    uintx GCTimeRatio                              = 4                                         {product} {command line}
     bool HeapDumpOnOutOfMemoryError               = true                                   {manageable} {command line}
    ccstr HeapDumpPath                             = c:\Users\LENOVO\AppData\Roaming\Code\User\workspaceStorage\f2823ae95278813818fe3b79dc4daa3b\redhat.java         {manageable} {command line}
   size_t InitialHeapSize                          = 104857600                                 {product} {command line}
   size_t MaxHeapSize                              = 2147483648                                {product} {command line}
   size_t MaxNewSize                               = 715653120                                 {product} {ergonomic}
   size_t MinHeapDeltaBytes                        = 524288                                    {product} {ergonomic}
   size_t MinHeapSize                              = 104857600                                 {product} {command line}
   size_t NewSize                                  = 34603008                                  {product} {ergonomic}
    uintx NonNMethodCodeHeapSize                   = 5832780                                {pd product} {ergonomic}
    uintx NonProfiledCodeHeapSize                  = 122912730                              {pd product} {ergonomic}
   size_t OldSize                                  = 70254592                                  {product} {ergonomic}
    uintx ProfiledCodeHeapSize                     = 122912730                              {pd product} {ergonomic}
    uintx ReservedCodeCacheSize                    = 251658240                              {pd product} {ergonomic}
     bool SegmentedCodeCache                       = true                                      {product} {ergonomic}
   size_t SoftMaxHeapSize                          = 2147483648                             {manageable} {ergonomic}
     bool UseCompressedOops                        = true                           {product lp64_product} {ergonomic}
     bool UseLargePagesIndividualAllocation        = false                                  {pd product} {ergonomic}
     bool UseParallelGC                            = true                                      {product} {command line}

Logging:
Log output configuration:
 #0: stdout all=off uptime,level,tags foldmultilines=false
 #1: stderr all=off uptime,level,tags foldmultilines=false

Release file:
JAVA_VERSION="21.0.10" 
MODULES="java.base java.compiler java.datatransfer java.xml java.prefs java.desktop java.instrument java.logging java.management java.security.sasl java.naming java.rmi java.management.rmi java.net.http java.scripting java.security.jgss java.transaction.xa java.sql java.sql.rowset java.xml.crypto java.se java.smartcardio jdk.accessibility jdk.internal.jvmstat jdk.attach jdk.charsets jdk.internal.opt jdk.zipfs jdk.compiler jdk.crypto.ec jdk.crypto.cryptoki jdk.crypto.mscapi jdk.dynalink jdk.internal.ed jdk.editpad jdk.hotspot.agent jdk.httpserver jdk.internal.le jdk.internal.vm.ci jdk.internal.vm.compiler jdk.internal.vm.compiler.management jdk.jartool jdk.javadoc jdk.jcmd jdk.management jdk.management.agent jdk.jconsole jdk.jdeps jdk.jdwp.agent jdk.jdi jdk.jfr jdk.jshell jdk.jsobject jdk.jstatd jdk.localedata jdk.management.jfr jdk.naming.dns jdk.naming.rmi jdk.net jdk.nio.mapmode jdk.random jdk.sctp jdk.security.auth jdk.security.jgss jdk.unsupported jdk.unsupported.desktop jdk.xml.dom" 

Environment Variables:
JAVA_HOME=C:\Program Files\Java\jdk-17
PATH=C:\Program Files\Python311\Scripts\;C:\Program Files\Python311\;D:\SQL_PLUS\dbhomeXE\bin;C:\Program Files\Common Files\Oracle\Java\javapath;C:\Python310\Scripts\;C:\Python310\;C:\Program Files (x86)\Intel\iCLS Client\;C:\Program Files\Intel\iCLS Client\;C:\Windows\system32;C:\Windows;C:\Windows\System32\Wbem;C:\Windows\System32\WindowsPowerShell\v1.0\;C:\Program Files (x86)\Intel\Intel(R) Management Engine Components\DAL;C:\Program Files\Intel\Intel(R) Management Engine Components\DAL;C:\Program Files (x86)\Intel\Intel(R) Management Engine Components\IPT;C:\Program Files\Intel\Intel(R) Management Engine Components\IPT;C:\Program Files (x86)\NVIDIA Corporation\PhysX\Common;C:\Program Files\Php-8;C:\WINDOWS\system32;C:\WINDOWS;C:\WINDOWS\System32\Wbem;C:\WINDOWS\System32\WindowsPowerShell\v1.0\;C:\WINDOWS\System32\OpenSSH\;C:\Program Files\Git\cmd;C:\ProgramData\chocolatey\bin;C:\xampp\php;C:\composer;C:\Program Files\nodejs\;C:\Users\LENOVO\Downloads\apache-maven-3.9.11-bin;C:\Users\LENOVO\Downloads\apache-maven-3.9.11-bin\apache-maven-3.9.11\bin;C:\Users\LENOVO\Downloads\apache-maven-3.9.11-bin\apache-maven-3.9.11\bin;%JAVA_HOME%\bin;C:\Program Files (x86)\Microsoft SQL Server\170\Tools\Binn\;C:\Program Files\Microsoft SQL Server\170\Tools\Binn\;C:\Program Files\Microsoft SQL Server\Client SDK\ODBC\180\Tools\Binn\;C:\Program Files\Microsoft SQL Server\170\DTS\Binn\;C:\Program Files (x86)\Microsoft SQL Server\170\DTS\Binn\;C:\Program Files\Microsoft SQL Server\Client SDK\ODBC\170\Tools\Binn\;C:\Program Files\Docker\Docker\resources\bin;C:\Users\LENOVO\AppData\Local\Programs\Python\Python312\Scripts\;C:\Users\LENOVO\AppData\Local\Programs\Python\Python312\;C:\Users\LENOVO\AppData\Local\Programs\Python\Launcher\;C:\Users\LENOVO\.local\bin;C:\Program Files\MySQL\MySQL Shell 8.0\bin\;C:\Users\LENOVO\AppData\Local\Microsoft\WindowsApps;C:\Users\LENOVO\AppData\Local\Programs\Microsoft VS Code\bin;C:\apache-maven-3.8.5\bin;C:\Users\LENOVO\AppData\Roaming\Composer\vendor\bin;C:\Users\LENOVO\AppData\Roaming\npm;C:\Program Files\JetBrains\IntelliJ IDEA Community Edition 2025.2.1\bin
USERNAME=LENOVO
OS=Windows_NT
PROCESSOR_IDENTIFIER=Intel64 Family 6 Model 142 Stepping 9, GenuineIntel
TMP=C:\Users\LENOVO\AppData\Local\Temp
TEMP=C:\Users\LENOVO\AppData\Local\Temp




Periodic native trim disabled

---------------  S Y S T E M  ---------------

OS:
 Windows 10 , 64 bit Build 19041 (10.0.19041.5915)
OS uptime: 0 days 16:40 hours
Hyper-V role detected

CPU: total 4 (initial active 4) (2 cores per cpu, 2 threads per core) family 6 model 142 stepping 9 microcode 0xb4, cx8, cmov, fxsr, ht, mmx, 3dnowpref, sse, sse2, sse3, ssse3, sse4.1, sse4.2, popcnt, lzcnt, tsc, tscinvbit, avx, avx2, aes, erms, clmul, bmi1, bmi2, adx, fma, vzeroupper, clflush, clflushopt, hv, rdtscp, f16c
Processor Information for processor 0
  Max Mhz: 2901, Current Mhz: 2901, Mhz Limit: 2901
Processor Information for processor 1
  Max Mhz: 2901, Current Mhz: 2901, Mhz Limit: 2901
Processor Information for processor 2
  Max Mhz: 2901, Current Mhz: 2901, Mhz Limit: 2901
Processor Information for processor 3
  Max Mhz: 2901, Current Mhz: 1500, Mhz Limit: 2901

Memory: 4k page, system-wide physical 8094M (918M free)
TotalPageFile size 18614M (AvailPageFile size 14M)
current process WorkingSet (physical memory assigned to process): 87M, peak: 868M
current process commit charge ("private bytes"): 1128M, peak: 1154M

vm_info: OpenJDK 64-Bit Server VM (21.0.10+7-LTS) for windows-amd64 JRE (21.0.10+7-LTS), built on 2026-01-20T00:00:00Z by "admin" with MS VC++ 17.12 (VS2022)

END.
